[2026-10-05 09:41:11] [INFO]: Iniciando secuencia de vinculación de módulos...
[2026-10-05 09:41:11] [INFO]: === INICIANDO DETALLE DE MAPEO DE ENTRADAS (ROUTER) ===
[2026-10-05 09:41:11] [SUCCESS]: Slot #001 -> Método: [POST  ] | Path: [/session/set-context]
[2026-10-05 09:41:11] [SUCCESS]: Slot #002 -> Método: [POST  ] | Path: [/session/logout]
[2026-10-05 09:41:11] [SUCCESS]: Slot #003 -> Método: [GET   ] | Path: [/]
[2026-10-05 09:41:11] [SUCCESS]: Slot #004 -> Método: [GET   ] | Path: [/password]
[2026-10-05 09:41:11] [SUCCESS]: Slot #005 -> Método: [POST  ] | Path: [/password]
[2026-10-05 09:41:11] [SUCCESS]: Slot #006 -> Método: [GET   ] | Path: [/users]
[2026-10-05 09:41:11] [SUCCESS]: Slot #007 -> Método: [GET   ] | Path: [/users/register]
[2026-10-05 09:41:11] [SUCCESS]: Slot #008 -> Método: [POST  ] | Path: [/users/register]
[2026-10-05 09:41:11] [SUCCESS]: Slot #009 -> Método: [GET   ] | Path: [/login]
[2026-10-05 09:41:11] [SUCCESS]: Slot #010 -> Método: [POST  ] | Path: [/users/get-user]
[2026-10-05 09:41:11] [SUCCESS]: Slot #011 -> Método: [POST  ] | Path: [/login]
[2026-10-05 09:41:11] [SUCCESS]: Slot #012 -> Método: [GET   ] | Path: [/users/list]
[2026-10-05 09:41:11] [SUCCESS]: Slot #013 -> Método: [POST  ] | Path: [/users/get-role]
[2026-10-05 09:41:11] [SUCCESS]: Slot #014 -> Método: [POST  ] | Path: [/users/update-role]
[2026-10-05 09:41:11] [SUCCESS]: Slot #015 -> Método: [POST  ] | Path: [/users/get-id]
[2026-10-05 09:41:11] [SUCCESS]: Slot #016 -> Método: [GET   ] | Path: [/roles/list]
[2026-10-05 09:41:11] [SUCCESS]: Slot #017 -> Método: [POST  ] | Path: [/roles/add]
[2026-10-05 09:41:11] [SUCCESS]: Slot #018 -> Método: [POST  ] | Path: [/roles/edit]
[2026-10-05 09:41:11] [SUCCESS]: Slot #019 -> Método: [POST  ] | Path: [/roles/get]
[2026-10-05 09:41:11] [SUCCESS]: Slot #020 -> Método: [POST  ] | Path: [/session/set-context]
[2026-10-05 09:41:11] [SUCCESS]: Slot #021 -> Método: [POST  ] | Path: [/session/logout]
[2026-10-05 09:41:11] [INFO]: === TOTAL DE RUTAS MAPEADAS EN MEMORIA: [21/500] ===
[2026-10-05 09:43:02] [INFO]: Iniciando secuencia de vinculación de módulos...
[2026-10-05 09:43:02] [INFO]: === INICIANDO DETALLE DE MAPEO DE ENTRADAS (ROUTER) ===
[2026-10-05 09:43:02] [SUCCESS]: Slot #001 -> Método: [POST  ] | Path: [/session/set-context]
[2026-10-05 09:43:02] [SUCCESS]: Slot #002 -> Método: [POST  ] | Path: [/session/logout]
[2026-10-05 09:43:02] [SUCCESS]: Slot #003 -> Método: [GET   ] | Path: [/]
[2026-10-05 09:43:02] [SUCCESS]: Slot #004 -> Método: [GET   ] | Path: [/password]
[2026-10-05 09:43:02] [SUCCESS]: Slot #005 -> Método: [POST  ] | Path: [/password]
[2026-10-05 09:43:02] [SUCCESS]: Slot #006 -> Método: [GET   ] | Path: [/users]
[2026-10-05 09:43:02] [SUCCESS]: Slot #007 -> Método: [GET   ] | Path: [/users/register]
[2026-10-05 09:43:02] [SUCCESS]: Slot #008 -> Método: [POST  ] | Path: [/users/register]
[2026-10-05 09:43:02] [SUCCESS]: Slot #009 -> Método: [GET   ] | Path: [/login]
[2026-10-05 09:43:02] [SUCCESS]: Slot #010 -> Método: [POST  ] | Path: [/users/get-user]
[2026-10-05 09:43:02] [SUCCESS]: Slot #011 -> Método: [POST  ] | Path: [/login]
[2026-10-05 09:43:02] [SUCCESS]: Slot #012 -> Método: [GET   ] | Path: [/users/list]
[2026-10-05 09:43:02] [SUCCESS]: Slot #013 -> Método: [POST  ] | Path: [/users/get-role]
[2026-10-05 09:43:02] [SUCCESS]: Slot #014 -> Método: [POST  ] | Path: [/users/update-role]
[2026-10-05 09:43:02] [SUCCESS]: Slot #015 -> Método: [POST  ] | Path: [/users/get-id]
[2026-10-05 09:43:02] [SUCCESS]: Slot #016 -> Método: [GET   ] | Path: [/roles/list]
[2026-10-05 09:43:02] [SUCCESS]: Slot #017 -> Método: [POST  ] | Path: [/roles/add]
[2026-10-05 09:43:02] [SUCCESS]: Slot #018 -> Método: [POST  ] | Path: [/roles/edit]
[2026-10-05 09:43:02] [SUCCESS]: Slot #019 -> Método: [POST  ] | Path: [/roles/get]
[2026-10-05 09:43:02] [SUCCESS]: Slot #020 -> Método: [POST  ] | Path: [/session/set-context]
[2026-10-05 09:43:02] [SUCCESS]: Slot #021 -> Método: [POST  ] | Path: [/session/logout]
[2026-10-05 09:43:02] [INFO]: === TOTAL DE RUTAS MAPEADAS EN MEMORIA: [21/500] ===
[2026-10-05 09:44:05] [INFO]: Iniciando secuencia de vinculación de módulos...
[2026-10-05 09:44:05] [INFO]: === INICIANDO DETALLE DE MAPEO DE ENTRADAS (ROUTER) ===
[2026-10-05 09:44:05] [SUCCESS]: Slot #001 -> Método: [POST  ] | Path: [/session/set-context]
[2026-10-05 09:44:05] [SUCCESS]: Slot #002 -> Método: [POST  ] | Path: [/session/logout]
[2026-10-05 09:44:05] [SUCCESS]: Slot #003 -> Método: [GET   ] | Path: [/]
[2026-10-05 09:44:05] [SUCCESS]: Slot #004 -> Método: [GET   ] | Path: [/password]
[2026-10-05 09:44:05] [SUCCESS]: Slot #005 -> Método: [POST  ] | Path: [/password]
[2026-10-05 09:44:05] [SUCCESS]: Slot #006 -> Método: [GET   ] | Path: [/users]
[2026-10-05 09:44:05] [SUCCESS]: Slot #007 -> Método: [GET   ] | Path: [/users/register]
[2026-10-05 09:44:05] [SUCCESS]: Slot #008 -> Método: [POST  ] | Path: [/users/register]
[2026-10-05 09:44:05] [SUCCESS]: Slot #009 -> Método: [GET   ] | Path: [/login]
[2026-10-05 09:44:05] [SUCCESS]: Slot #010 -> Método: [POST  ] | Path: [/users/get-user]
[2026-10-05 09:44:05] [SUCCESS]: Slot #011 -> Método: [POST  ] | Path: [/login]
[2026-10-05 09:44:05] [SUCCESS]: Slot #012 -> Método: [GET   ] | Path: [/users/list]
[2026-10-05 09:44:05] [SUCCESS]: Slot #013 -> Método: [POST  ] | Path: [/users/get-role]
[2026-10-05 09:44:05] [SUCCESS]: Slot #014 -> Método: [POST  ] | Path: [/users/update-role]
[2026-10-05 09:44:05] [SUCCESS]: Slot #015 -> Método: [POST  ] | Path: [/users/get-id]
[2026-10-05 09:44:05] [SUCCESS]: Slot #016 -> Método: [GET   ] | Path: [/roles/list]
[2026-10-05 09:44:05] [SUCCESS]: Slot #017 -> Método: [POST  ] | Path: [/roles/add]
[2026-10-05 09:44:05] [SUCCESS]: Slot #018 -> Método: [POST  ] | Path: [/roles/edit]
[2026-10-05 09:44:05] [SUCCESS]: Slot #019 -> Método: [POST  ] | Path: [/roles/get]
[2026-10-05 09:44:05] [SUCCESS]: Slot #020 -> Método: [POST  ] | Path: [/session/set-context]
[2026-10-05 09:44:05] [SUCCESS]: Slot #021 -> Método: [POST  ] | Path: [/session/logout]
[2026-10-05 09:44:05] [INFO]: === TOTAL DE RUTAS MAPEADAS EN MEMORIA: [21/500] ===
[2026-10-06 09:00:28] [INFO]: Iniciando secuencia de vinculación de módulos...
[2026-10-06 09:00:28] [INFO]: === INICIANDO DETALLE DE MAPEO DE ENTRADAS (ROUTER) ===
[2026-10-06 09:00:28] [SUCCESS]: Slot #001 -> Método: [POST  ] | Path: [/session/set-context]
[2026-10-06 09:00:28] [SUCCESS]: Slot #002 -> Método: [POST  ] | Path: [/session/logout]
[2026-10-06 09:00:28] [SUCCESS]: Slot #003 -> Método: [GET   ] | Path: [/]
[2026-10-06 09:00:28] [SUCCESS]: Slot #004 -> Método: [GET   ] | Path: [/password]
[2026-10-06 09:00:28] [SUCCESS]: Slot #005 -> Método: [POST  ] | Path: [/password]
[2026-10-06 09:00:28] [SUCCESS]: Slot #006 -> Método: [GET   ] | Path: [/users]
[2026-10-06 09:00:28] [SUCCESS]: Slot #007 -> Método: [GET   ] | Path: [/users/register]
[2026-10-06 09:00:28] [SUCCESS]: Slot #008 -> Método: [POST  ] | Path: [/users/register]
[2026-10-06 09:00:28] [SUCCESS]: Slot #009 -> Método: [GET   ] | Path: [/login]
[2026-10-06 09:00:28] [SUCCESS]: Slot #010 -> Método: [POST  ] | Path: [/users/get-user]
[2026-10-06 09:00:28] [SUCCESS]: Slot #011 -> Método: [POST  ] | Path: [/login]
[2026-10-06 09:00:28] [SUCCESS]: Slot #012 -> Método: [GET   ] | Path: [/users/list]
[2026-10-06 09:00:28] [SUCCESS]: Slot #013 -> Método: [POST  ] | Path: [/users/get-role]
[2026-10-06 09:00:28] [SUCCESS]: Slot #014 -> Método: [POST  ] | Path: [/users/update-role]
[2026-10-06 09:00:28] [SUCCESS]: Slot #015 -> Método: [POST  ] | Path: [/users/get-id]
[2026-10-06 09:00:28] [SUCCESS]: Slot #016 -> Método: [GET   ] | Path: [/roles/list]
[2026-10-06 09:00:28] [SUCCESS]: Slot #017 -> Método: [POST  ] | Path: [/roles/add]
[2026-10-06 09:00:28] [SUCCESS]: Slot #018 -> Método: [POST  ] | Path: [/roles/edit]
[2026-10-06 09:00:28] [SUCCESS]: Slot #019 -> Método: [POST  ] | Path: [/roles/get]
[2026-10-06 09:00:28] [SUCCESS]: Slot #020 -> Método: [GET   ] | Path: [/funciones_ejecutivas/list]
[2026-10-06 09:00:28] [SUCCESS]: Slot #021 -> Método: [POST  ] | Path: [/funciones_ejecutivas/add]
[2026-10-06 09:00:28] [SUCCESS]: Slot #022 -> Método: [POST  ] | Path: [/funciones_ejecutivas/edit]
[2026-10-06 09:00:28] [SUCCESS]: Slot #023 -> Método: [POST  ] | Path: [/funciones_ejecutivas/get]
[2026-10-06 09:00:28] [SUCCESS]: Slot #024 -> Método: [POST  ] | Path: [/session/set-context]
[2026-10-06 09:00:28] [SUCCESS]: Slot #025 -> Método: [POST  ] | Path: [/session/logout]
[2026-10-06 09:00:28] [INFO]: === TOTAL DE RUTAS MAPEADAS EN MEMORIA: [25/500] ===
[2026-10-06 11:21:59] [INFO]: Iniciando secuencia de vinculación de módulos...
[2026-10-06 11:21:59] [INFO]: === INICIANDO DETALLE DE MAPEO DE ENTRADAS (ROUTER) ===
[2026-10-06 11:21:59] [SUCCESS]: Slot #001 -> Método: [POST  ] | Path: [/session/set-context]
[2026-10-06 11:21:59] [SUCCESS]: Slot #002 -> Método: [POST  ] | Path: [/session/logout]
[2026-10-06 11:21:59] [SUCCESS]: Slot #003 -> Método: [GET   ] | Path: [/]
[2026-10-06 11:21:59] [SUCCESS]: Slot #004 -> Método: [GET   ] | Path: [/password]
[2026-10-06 11:21:59] [SUCCESS]: Slot #005 -> Método: [POST  ] | Path: [/password]
[2026-10-06 11:21:59] [SUCCESS]: Slot #006 -> Método: [GET   ] | Path: [/users]
[2026-10-06 11:21:59] [SUCCESS]: Slot #007 -> Método: [GET   ] | Path: [/users/register]
[2026-10-06 11:21:59] [SUCCESS]: Slot #008 -> Método: [POST  ] | Path: [/users/register]
[2026-10-06 11:21:59] [SUCCESS]: Slot #009 -> Método: [GET   ] | Path: [/login]
[2026-10-06 11:21:59] [SUCCESS]: Slot #010 -> Método: [POST  ] | Path: [/users/get-user]
[2026-10-06 11:21:59] [SUCCESS]: Slot #011 -> Método: [POST  ] | Path: [/login]
[2026-10-06 11:21:59] [SUCCESS]: Slot #012 -> Método: [GET   ] | Path: [/users/list]
[2026-10-06 11:21:59] [SUCCESS]: Slot #013 -> Método: [POST  ] | Path: [/users/get-role]
[2026-10-06 11:21:59] [SUCCESS]: Slot #014 -> Método: [POST  ] | Path: [/users/update-role]
[2026-10-06 11:21:59] [SUCCESS]: Slot #015 -> Método: [POST  ] | Path: [/users/get-id]
[2026-10-06 11:21:59] [SUCCESS]: Slot #016 -> Método: [GET   ] | Path: [/roles/list]
[2026-10-06 11:21:59] [SUCCESS]: Slot #017 -> Método: [POST  ] | Path: [/roles/add]
[2026-10-06 11:21:59] [SUCCESS]: Slot #018 -> Método: [POST  ] | Path: [/roles/edit]
[2026-10-06 11:21:59] [SUCCESS]: Slot #019 -> Método: [POST  ] | Path: [/roles/get]
[2026-10-06 11:21:59] [SUCCESS]: Slot #020 -> Método: [GET   ] | Path: [/funciones_ejecutivas/list]
[2026-10-06 11:21:59] [SUCCESS]: Slot #021 -> Método: [POST  ] | Path: [/funciones_ejecutivas/add]
[2026-10-06 11:21:59] [SUCCESS]: Slot #022 -> Método: [POST  ] | Path: [/funciones_ejecutivas/edit]
[2026-10-06 11:21:59] [SUCCESS]: Slot #023 -> Método: [POST  ] | Path: [/funciones_ejecutivas/get]
[2026-10-06 11:21:59] [SUCCESS]: Slot #024 -> Método: [POST  ] | Path: [/session/set-context]
[2026-10-06 11:21:59] [SUCCESS]: Slot #025 -> Método: [POST  ] | Path: [/session/logout]
[2026-10-06 11:21:59] [INFO]: === TOTAL DE RUTAS MAPEADAS EN MEMORIA: [25/500] ===
[2026-10-06 15:16:21] [INFO]: Iniciando secuencia de vinculación de módulos...
[2026-10-06 15:16:21] [INFO]: === INICIANDO DETALLE DE MAPEO DE ENTRADAS (ROUTER) ===
[2026-10-06 15:16:21] [SUCCESS]: Slot #001 -> Método: [POST  ] | Path: [/session/set-context]
[2026-10-06 15:16:21] [SUCCESS]: Slot #002 -> Método: [POST  ] | Path: [/session/logout]
[2026-10-06 15:16:21] [SUCCESS]: Slot #003 -> Método: [GET   ] | Path: [/]
[2026-10-06 15:16:21] [SUCCESS]: Slot #004 -> Método: [GET   ] | Path: [/password]
[2026-10-06 15:16:21] [SUCCESS]: Slot #005 -> Método: [POST  ] | Path: [/password]
[2026-10-06 15:16:21] [SUCCESS]: Slot #006 -> Método: [GET   ] | Path: [/users]
[2026-10-06 15:16:21] [SUCCESS]: Slot #007 -> Método: [GET   ] | Path: [/users/register]
[2026-10-06 15:16:21] [SUCCESS]: Slot #008 -> Método: [POST  ] | Path: [/users/register]
[2026-10-06 15:16:21] [SUCCESS]: Slot #009 -> Método: [GET   ] | Path: [/login]
[2026-10-06 15:16:21] [SUCCESS]: Slot #010 -> Método: [POST  ] | Path: [/users/get-user]
[2026-10-06 15:16:21] [SUCCESS]: Slot #011 -> Método: [POST  ] | Path: [/login]
[2026-10-06 15:16:21] [SUCCESS]: Slot #012 -> Método: [GET   ] | Path: [/users/list]
[2026-10-06 15:16:21] [SUCCESS]: Slot #013 -> Método: [POST  ] | Path: [/users/get-role]
[2026-10-06 15:16:21] [SUCCESS]: Slot #014 -> Método: [POST  ] | Path: [/users/update-role]
[2026-10-06 15:16:21] [SUCCESS]: Slot #015 -> Método: [POST  ] | Path: [/users/get-id]
[2026-10-06 15:16:21] [SUCCESS]: Slot #016 -> Método: [GET   ] | Path: [/roles/list]
[2026-10-06 15:16:21] [SUCCESS]: Slot #017 -> Método: [POST  ] | Path: [/roles/add]
[2026-10-06 15:16:21] [SUCCESS]: Slot #018 -> Método: [POST  ] | Path: [/roles/edit]
[2026-10-06 15:16:21] [SUCCESS]: Slot #019 -> Método: [POST  ] | Path: [/roles/get]
[2026-10-06 15:16:21] [SUCCESS]: Slot #020 -> Método: [GET   ] | Path: [/funciones_ejecutivas/list]
[2026-10-06 15:16:21] [SUCCESS]: Slot #021 -> Método: [POST  ] | Path: [/funciones_ejecutivas/add]
[2026-10-06 15:16:21] [SUCCESS]: Slot #022 -> Método: [POST  ] | Path: [/funciones_ejecutivas/edit]
[2026-10-06 15:16:21] [SUCCESS]: Slot #023 -> Método: [POST  ] | Path: [/funciones_ejecutivas/get]
[2026-10-06 15:16:21] [SUCCESS]: Slot #024 -> Método: [GET   ] | Path: [/adicional_grado/list]
[2026-10-06 15:16:21] [SUCCESS]: Slot #025 -> Método: [POST  ] | Path: [/adicional_grado/add]
[2026-10-06 15:16:21] [SUCCESS]: Slot #026 -> Método: [POST  ] | Path: [/adicional_grado/edit]
[2026-10-06 15:16:21] [SUCCESS]: Slot #027 -> Método: [POST  ] | Path: [/adicional_grado/get]
[2026-10-06 15:16:21] [SUCCESS]: Slot #028 -> Método: [POST  ] | Path: [/session/set-context]
[2026-10-06 15:16:21] [SUCCESS]: Slot #029 -> Método: [POST  ] | Path: [/session/logout]
[2026-10-06 15:16:21] [INFO]: === TOTAL DE RUTAS MAPEADAS EN MEMORIA: [29/500] ===
[2026-10-07 09:24:46] [INFO]: Iniciando secuencia de vinculación de módulos...
[2026-10-07 09:24:46] [INFO]: === INICIANDO DETALLE DE MAPEO DE ENTRADAS (ROUTER) ===
[2026-10-07 09:24:46] [SUCCESS]: Slot #001 -> Método: [POST  ] | Path: [/session/set-context]
[2026-10-07 09:24:46] [SUCCESS]: Slot #002 -> Método: [POST  ] | Path: [/session/logout]
[2026-10-07 09:24:46] [SUCCESS]: Slot #003 -> Método: [GET   ] | Path: [/]
[2026-10-07 09:24:46] [SUCCESS]: Slot #004 -> Método: [GET   ] | Path: [/password]
[2026-10-07 09:24:46] [SUCCESS]: Slot #005 -> Método: [POST  ] | Path: [/password]
[2026-10-07 09:24:46] [SUCCESS]: Slot #006 -> Método: [GET   ] | Path: [/users]
[2026-10-07 09:24:46] [SUCCESS]: Slot #007 -> Método: [GET   ] | Path: [/users/register]
[2026-10-07 09:24:46] [SUCCESS]: Slot #008 -> Método: [POST  ] | Path: [/users/register]
[2026-10-07 09:24:46] [SUCCESS]: Slot #009 -> Método: [GET   ] | Path: [/login]
[2026-10-07 09:24:46] [SUCCESS]: Slot #010 -> Método: [POST  ] | Path: [/users/get-user]
[2026-10-07 09:24:46] [SUCCESS]: Slot #011 -> Método: [POST  ] | Path: [/login]
[2026-10-07 09:24:46] [SUCCESS]: Slot #012 -> Método: [GET   ] | Path: [/users/list]
[2026-10-07 09:24:46] [SUCCESS]: Slot #013 -> Método: [POST  ] | Path: [/users/get-role]
[2026-10-07 09:24:46] [SUCCESS]: Slot #014 -> Método: [POST  ] | Path: [/users/update-role]
[2026-10-07 09:24:46] [SUCCESS]: Slot #015 -> Método: [POST  ] | Path: [/users/get-id]
[2026-10-07 09:24:46] [SUCCESS]: Slot #016 -> Método: [GET   ] | Path: [/roles/list]
[2026-10-07 09:24:46] [SUCCESS]: Slot #017 -> Método: [POST  ] | Path: [/roles/add]
[2026-10-07 09:24:46] [SUCCESS]: Slot #018 -> Método: [POST  ] | Path: [/roles/edit]
[2026-10-07 09:24:46] [SUCCESS]: Slot #019 -> Método: [POST  ] | Path: [/roles/get]
[2026-10-07 09:24:46] [SUCCESS]: Slot #020 -> Método: [GET   ] | Path: [/funciones_ejecutivas/list]
[2026-10-07 09:24:46] [SUCCESS]: Slot #021 -> Método: [POST  ] | Path: [/funciones_ejecutivas/add]
[2026-10-07 09:24:46] [SUCCESS]: Slot #022 -> Método: [POST  ] | Path: [/funciones_ejecutivas/edit]
[2026-10-07 09:24:46] [SUCCESS]: Slot #023 -> Método: [POST  ] | Path: [/funciones_ejecutivas/get]
[2026-10-07 09:24:46] [SUCCESS]: Slot #024 -> Método: [GET   ] | Path: [/adicional_grado/list]
[2026-10-07 09:24:46] [SUCCESS]: Slot #025 -> Método: [POST  ] | Path: [/adicional_grado/add]
[2026-10-07 09:24:46] [SUCCESS]: Slot #026 -> Método: [POST  ] | Path: [/adicional_grado/edit]
[2026-10-07 09:24:46] [SUCCESS]: Slot #027 -> Método: [POST  ] | Path: [/adicional_grado/get]
[2026-10-07 09:24:46] [SUCCESS]: Slot #028 -> Método: [POST  ] | Path: [/session/set-context]
[2026-10-07 09:24:46] [SUCCESS]: Slot #029 -> Método: [POST  ] | Path: [/session/logout]
[2026-10-07 09:24:46] [INFO]: === TOTAL DE RUTAS MAPEADAS EN MEMORIA: [29/500] ===
[2026-10-07 09:35:01] [INFO]: Iniciando secuencia de vinculación de módulos...
[2026-10-07 09:35:01] [INFO]: === INICIANDO DETALLE DE MAPEO DE ENTRADAS (ROUTER) ===
[2026-10-07 09:35:01] [SUCCESS]: Slot #001 -> Método: [POST  ] | Path: [/session/set-context]
[2026-10-07 09:35:01] [SUCCESS]: Slot #002 -> Método: [POST  ] | Path: [/session/logout]
[2026-10-07 09:35:01] [SUCCESS]: Slot #003 -> Método: [GET   ] | Path: [/]
[2026-10-07 09:35:01] [SUCCESS]: Slot #004 -> Método: [GET   ] | Path: [/password]
[2026-10-07 09:35:01] [SUCCESS]: Slot #005 -> Método: [POST  ] | Path: [/password]
[2026-10-07 09:35:01] [SUCCESS]: Slot #006 -> Método: [GET   ] | Path: [/users]
[2026-10-07 09:35:01] [SUCCESS]: Slot #007 -> Método: [GET   ] | Path: [/users/register]
[2026-10-07 09:35:01] [SUCCESS]: Slot #008 -> Método: [POST  ] | Path: [/users/register]
[2026-10-07 09:35:01] [SUCCESS]: Slot #009 -> Método: [GET   ] | Path: [/login]
[2026-10-07 09:35:01] [SUCCESS]: Slot #010 -> Método: [POST  ] | Path: [/users/get-user]
[2026-10-07 09:35:01] [SUCCESS]: Slot #011 -> Método: [POST  ] | Path: [/login]
[2026-10-07 09:35:01] [SUCCESS]: Slot #012 -> Método: [GET   ] | Path: [/users/list]
[2026-10-07 09:35:01] [SUCCESS]: Slot #013 -> Método: [POST  ] | Path: [/users/get-role]
[2026-10-07 09:35:01] [SUCCESS]: Slot #014 -> Método: [POST  ] | Path: [/users/update-role]
[2026-10-07 09:35:01] [SUCCESS]: Slot #015 -> Método: [POST  ] | Path: [/users/get-id]
[2026-10-07 09:35:01] [SUCCESS]: Slot #016 -> Método: [GET   ] | Path: [/roles/list]
[2026-10-07 09:35:01] [SUCCESS]: Slot #017 -> Método: [POST  ] | Path: [/roles/add]
[2026-10-07 09:35:01] [SUCCESS]: Slot #018 -> Método: [POST  ] | Path: [/roles/edit]
[2026-10-07 09:35:01] [SUCCESS]: Slot #019 -> Método: [POST  ] | Path: [/roles/get]
[2026-10-07 09:35:01] [SUCCESS]: Slot #020 -> Método: [GET   ] | Path: [/funciones_ejecutivas/list]
[2026-10-07 09:35:01] [SUCCESS]: Slot #021 -> Método: [POST  ] | Path: [/funciones_ejecutivas/add]
[2026-10-07 09:35:01] [SUCCESS]: Slot #022 -> Método: [POST  ] | Path: [/funciones_ejecutivas/edit]
[2026-10-07 09:35:01] [SUCCESS]: Slot #023 -> Método: [POST  ] | Path: [/funciones_ejecutivas/get]
[2026-10-07 09:35:01] [SUCCESS]: Slot #024 -> Método: [GET   ] | Path: [/adicional_grado/list]
[2026-10-07 09:35:01] [SUCCESS]: Slot #025 -> Método: [POST  ] | Path: [/adicional_grado/add]
[2026-10-07 09:35:01] [SUCCESS]: Slot #026 -> Método: [POST  ] | Path: [/adicional_grado/edit]
[2026-10-07 09:35:01] [SUCCESS]: Slot #027 -> Método: [POST  ] | Path: [/adicional_grado/get]
[2026-10-07 09:35:01] [SUCCESS]: Slot #028 -> Método: [POST  ] | Path: [/session/set-context]
[2026-10-07 09:35:01] [SUCCESS]: Slot #029 -> Método: [POST  ] | Path: [/session/logout]
[2026-10-07 09:35:01] [INFO]: === TOTAL DE RUTAS MAPEADAS EN MEMORIA: [29/500] ===
[2026-10-07 09:37:08] [INFO]: Iniciando secuencia de vinculación de módulos...
[2026-10-07 09:37:08] [INFO]: === INICIANDO DETALLE DE MAPEO DE ENTRADAS (ROUTER) ===
[2026-10-07 09:37:08] [SUCCESS]: Slot #001 -> Método: [POST  ] | Path: [/session/set-context]
[2026-10-07 09:37:08] [SUCCESS]: Slot #002 -> Método: [POST  ] | Path: [/session/logout]
[2026-10-07 09:37:08] [SUCCESS]: Slot #003 -> Método: [GET   ] | Path: [/]
[2026-10-07 09:37:08] [SUCCESS]: Slot #004 -> Método: [GET   ] | Path: [/password]
[2026-10-07 09:37:08] [SUCCESS]: Slot #005 -> Método: [POST  ] | Path: [/password]
[2026-10-07 09:37:08] [SUCCESS]: Slot #006 -> Método: [GET   ] | Path: [/users]
[2026-10-07 09:37:08] [SUCCESS]: Slot #007 -> Método: [GET   ] | Path: [/users/register]
[2026-10-07 09:37:08] [SUCCESS]: Slot #008 -> Método: [POST  ] | Path: [/users/register]
[2026-10-07 09:37:08] [SUCCESS]: Slot #009 -> Método: [GET   ] | Path: [/login]
[2026-10-07 09:37:08] [SUCCESS]: Slot #010 -> Método: [POST  ] | Path: [/users/get-user]
[2026-10-07 09:37:08] [SUCCESS]: Slot #011 -> Método: [POST  ] | Path: [/login]
[2026-10-07 09:37:08] [SUCCESS]: Slot #012 -> Método: [GET   ] | Path: [/users/list]
[2026-10-07 09:37:08] [SUCCESS]: Slot #013 -> Método: [POST  ] | Path: [/users/get-role]
[2026-10-07 09:37:08] [SUCCESS]: Slot #014 -> Método: [POST  ] | Path: [/users/update-role]
[2026-10-07 09:37:08] [SUCCESS]: Slot #015 -> Método: [POST  ] | Path: [/users/get-id]
[2026-10-07 09:37:08] [SUCCESS]: Slot #016 -> Método: [GET   ] | Path: [/roles/list]
[2026-10-07 09:37:08] [SUCCESS]: Slot #017 -> Método: [POST  ] | Path: [/roles/add]
[2026-10-07 09:37:08] [SUCCESS]: Slot #018 -> Método: [POST  ] | Path: [/roles/edit]
[2026-10-07 09:37:08] [SUCCESS]: Slot #019 -> Método: [POST  ] | Path: [/roles/get]
[2026-10-07 09:37:08] [SUCCESS]: Slot #020 -> Método: [GET   ] | Path: [/funciones_ejecutivas/list]
[2026-10-07 09:37:08] [SUCCESS]: Slot #021 -> Método: [POST  ] | Path: [/funciones_ejecutivas/add]
[2026-10-07 09:37:08] [SUCCESS]: Slot #022 -> Método: [POST  ] | Path: [/funciones_ejecutivas/edit]
[2026-10-07 09:37:08] [SUCCESS]: Slot #023 -> Método: [POST  ] | Path: [/funciones_ejecutivas/get]
[2026-10-07 09:37:08] [SUCCESS]: Slot #024 -> Método: [GET   ] | Path: [/adicional_grado/list]
[2026-10-07 09:37:08] [SUCCESS]: Slot #025 -> Método: [POST  ] | Path: [/adicional_grado/add]
[2026-10-07 09:37:08] [SUCCESS]: Slot #026 -> Método: [POST  ] | Path: [/adicional_grado/edit]
[2026-10-07 09:37:08] [SUCCESS]: Slot #027 -> Método: [POST  ] | Path: [/adicional_grado/get]
[2026-10-07 09:37:08] [SUCCESS]: Slot #028 -> Método: [POST  ] | Path: [/session/set-context]
[2026-10-07 09:37:08] [SUCCESS]: Slot #029 -> Método: [POST  ] | Path: [/session/logout]
[2026-10-07 09:37:08] [INFO]: === TOTAL DE RUTAS MAPEADAS EN MEMORIA: [29/500] ===
[2026-10-07 10:56:00] [INFO]: Iniciando secuencia de vinculación de módulos...
[2026-10-07 10:56:00] [INFO]: === INICIANDO DETALLE DE MAPEO DE ENTRADAS (ROUTER) ===
[2026-10-07 10:56:00] [SUCCESS]: Slot #001 -> Método: [POST  ] | Path: [/session/set-context]
[2026-10-07 10:56:00] [SUCCESS]: Slot #002 -> Método: [POST  ] | Path: [/session/logout]
[2026-10-07 10:56:00] [SUCCESS]: Slot #003 -> Método: [GET   ] | Path: [/]
[2026-10-07 10:56:00] [SUCCESS]: Slot #004 -> Método: [GET   ] | Path: [/password]
[2026-10-07 10:56:00] [SUCCESS]: Slot #005 -> Método: [POST  ] | Path: [/password]
[2026-10-07 10:56:00] [SUCCESS]: Slot #006 -> Método: [GET   ] | Path: [/users]
[2026-10-07 10:56:00] [SUCCESS]: Slot #007 -> Método: [GET   ] | Path: [/users/register]
[2026-10-07 10:56:00] [SUCCESS]: Slot #008 -> Método: [POST  ] | Path: [/users/register]
[2026-10-07 10:56:00] [SUCCESS]: Slot #009 -> Método: [GET   ] | Path: [/login]
[2026-10-07 10:56:00] [SUCCESS]: Slot #010 -> Método: [POST  ] | Path: [/users/get-user]
[2026-10-07 10:56:00] [SUCCESS]: Slot #011 -> Método: [POST  ] | Path: [/login]
[2026-10-07 10:56:00] [SUCCESS]: Slot #012 -> Método: [GET   ] | Path: [/users/list]
[2026-10-07 10:56:00] [SUCCESS]: Slot #013 -> Método: [POST  ] | Path: [/users/get-role]
[2026-10-07 10:56:00] [SUCCESS]: Slot #014 -> Método: [POST  ] | Path: [/users/update-role]
[2026-10-07 10:56:00] [SUCCESS]: Slot #015 -> Método: [POST  ] | Path: [/users/get-id]
[2026-10-07 10:56:00] [SUCCESS]: Slot #016 -> Método: [GET   ] | Path: [/roles/list]
[2026-10-07 10:56:00] [SUCCESS]: Slot #017 -> Método: [POST  ] | Path: [/roles/add]
[2026-10-07 10:56:00] [SUCCESS]: Slot #018 -> Método: [POST  ] | Path: [/roles/edit]
[2026-10-07 10:56:00] [SUCCESS]: Slot #019 -> Método: [POST  ] | Path: [/roles/get]
[2026-10-07 10:56:00] [SUCCESS]: Slot #020 -> Método: [GET   ] | Path: [/funciones_ejecutivas/list]
[2026-10-07 10:56:00] [SUCCESS]: Slot #021 -> Método: [POST  ] | Path: [/funciones_ejecutivas/add]
[2026-10-07 10:56:00] [SUCCESS]: Slot #022 -> Método: [POST  ] | Path: [/funciones_ejecutivas/edit]
[2026-10-07 10:56:00] [SUCCESS]: Slot #023 -> Método: [POST  ] | Path: [/funciones_ejecutivas/get]
[2026-10-07 10:56:00] [SUCCESS]: Slot #024 -> Método: [GET   ] | Path: [/adicional_grado/list]
[2026-10-07 10:56:00] [SUCCESS]: Slot #025 -> Método: [POST  ] | Path: [/adicional_grado/add]
[2026-10-07 10:56:00] [SUCCESS]: Slot #026 -> Método: [POST  ] | Path: [/adicional_grado/edit]
[2026-10-07 10:56:00] [SUCCESS]: Slot #027 -> Método: [POST  ] | Path: [/adicional_grado/get]
[2026-10-07 10:56:00] [SUCCESS]: Slot #028 -> Método: [POST  ] | Path: [/session/set-context]
[2026-10-07 10:56:00] [SUCCESS]: Slot #029 -> Método: [POST  ] | Path: [/session/logout]
[2026-10-07 10:56:00] [INFO]: === TOTAL DE RUTAS MAPEADAS EN MEMORIA: [29/500] ===
[2026-10-07 11:01:00] [INFO]: Iniciando secuencia de vinculación de módulos...
[2026-10-07 11:01:00] [INFO]: === INICIANDO DETALLE DE MAPEO DE ENTRADAS (ROUTER) ===
[2026-10-07 11:01:00] [SUCCESS]: Slot #001 -> Método: [POST  ] | Path: [/session/set-context]
[2026-10-07 11:01:00] [SUCCESS]: Slot #002 -> Método: [POST  ] | Path: [/session/logout]
[2026-10-07 11:01:00] [SUCCESS]: Slot #003 -> Método: [GET   ] | Path: [/]
[2026-10-07 11:01:00] [SUCCESS]: Slot #004 -> Método: [GET   ] | Path: [/password]
[2026-10-07 11:01:00] [SUCCESS]: Slot #005 -> Método: [POST  ] | Path: [/password]
[2026-10-07 11:01:00] [SUCCESS]: Slot #006 -> Método: [GET   ] | Path: [/users]
[2026-10-07 11:01:00] [SUCCESS]: Slot #007 -> Método: [GET   ] | Path: [/users/register]
[2026-10-07 11:01:00] [SUCCESS]: Slot #008 -> Método: [POST  ] | Path: [/users/register]
[2026-10-07 11:01:00] [SUCCESS]: Slot #009 -> Método: [GET   ] | Path: [/login]
[2026-10-07 11:01:00] [SUCCESS]: Slot #010 -> Método: [POST  ] | Path: [/users/get-user]
[2026-10-07 11:01:00] [SUCCESS]: Slot #011 -> Método: [POST  ] | Path: [/login]
[2026-10-07 11:01:00] [SUCCESS]: Slot #012 -> Método: [GET   ] | Path: [/users/list]
[2026-10-07 11:01:00] [SUCCESS]: Slot #013 -> Método: [POST  ] | Path: [/users/get-role]
[2026-10-07 11:01:00] [SUCCESS]: Slot #014 -> Método: [POST  ] | Path: [/users/update-role]
[2026-10-07 11:01:00] [SUCCESS]: Slot #015 -> Método: [POST  ] | Path: [/users/get-id]
[2026-10-07 11:01:00] [SUCCESS]: Slot #016 -> Método: [GET   ] | Path: [/roles/list]
[2026-10-07 11:01:00] [SUCCESS]: Slot #017 -> Método: [POST  ] | Path: [/roles/add]
[2026-10-07 11:01:00] [SUCCESS]: Slot #018 -> Método: [POST  ] | Path: [/roles/edit]
[2026-10-07 11:01:00] [SUCCESS]: Slot #019 -> Método: [POST  ] | Path: [/roles/get]
[2026-10-07 11:01:00] [SUCCESS]: Slot #020 -> Método: [GET   ] | Path: [/funciones_ejecutivas/list]
[2026-10-07 11:01:00] [SUCCESS]: Slot #021 -> Método: [POST  ] | Path: [/funciones_ejecutivas/add]
[2026-10-07 11:01:00] [SUCCESS]: Slot #022 -> Método: [POST  ] | Path: [/funciones_ejecutivas/edit]
[2026-10-07 11:01:00] [SUCCESS]: Slot #023 -> Método: [POST  ] | Path: [/funciones_ejecutivas/get]
[2026-10-07 11:01:00] [SUCCESS]: Slot #024 -> Método: [GET   ] | Path: [/adicional_grado/list]
[2026-10-07 11:01:00] [SUCCESS]: Slot #025 -> Método: [POST  ] | Path: [/adicional_grado/add]
[2026-10-07 11:01:00] [SUCCESS]: Slot #026 -> Método: [POST  ] | Path: [/adicional_grado/edit]
[2026-10-07 11:01:00] [SUCCESS]: Slot #027 -> Método: [POST  ] | Path: [/adicional_grado/get]
[2026-10-07 11:01:00] [SUCCESS]: Slot #028 -> Método: [POST  ] | Path: [/session/set-context]
[2026-10-07 11:01:00] [SUCCESS]: Slot #029 -> Método: [POST  ] | Path: [/session/logout]
[2026-10-07 11:01:00] [INFO]: === TOTAL DE RUTAS MAPEADAS EN MEMORIA: [29/500] ===
[2026-10-07 13:47:10] [INFO]: Iniciando secuencia de vinculación de módulos...
[2026-10-07 13:47:10] [INFO]: === INICIANDO DETALLE DE MAPEO DE ENTRADAS (ROUTER) ===
[2026-10-07 13:47:10] [SUCCESS]: Slot #001 -> Método: [POST  ] | Path: [/session/set-context]
[2026-10-07 13:47:10] [SUCCESS]: Slot #002 -> Método: [POST  ] | Path: [/session/logout]
[2026-10-07 13:47:10] [SUCCESS]: Slot #003 -> Método: [GET   ] | Path: [/]
[2026-10-07 13:47:10] [SUCCESS]: Slot #004 -> Método: [GET   ] | Path: [/password]
[2026-10-07 13:47:10] [SUCCESS]: Slot #005 -> Método: [POST  ] | Path: [/password]
[2026-10-07 13:47:10] [SUCCESS]: Slot #006 -> Método: [GET   ] | Path: [/users]
[2026-10-07 13:47:10] [SUCCESS]: Slot #007 -> Método: [GET   ] | Path: [/users/register]
[2026-10-07 13:47:10] [SUCCESS]: Slot #008 -> Método: [POST  ] | Path: [/users/register]
[2026-10-07 13:47:10] [SUCCESS]: Slot #009 -> Método: [GET   ] | Path: [/login]
[2026-10-07 13:47:10] [SUCCESS]: Slot #010 -> Método: [POST  ] | Path: [/users/get-user]
[2026-10-07 13:47:10] [SUCCESS]: Slot #011 -> Método: [POST  ] | Path: [/login]
[2026-10-07 13:47:10] [SUCCESS]: Slot #012 -> Método: [GET   ] | Path: [/users/list]
[2026-10-07 13:47:10] [SUCCESS]: Slot #013 -> Método: [POST  ] | Path: [/users/get-role]
[2026-10-07 13:47:10] [SUCCESS]: Slot #014 -> Método: [POST  ] | Path: [/users/update-role]
[2026-10-07 13:47:10] [SUCCESS]: Slot #015 -> Método: [POST  ] | Path: [/users/get-id]
[2026-10-07 13:47:10] [SUCCESS]: Slot #016 -> Método: [GET   ] | Path: [/roles/list]
[2026-10-07 13:47:10] [SUCCESS]: Slot #017 -> Método: [POST  ] | Path: [/roles/add]
[2026-10-07 13:47:10] [SUCCESS]: Slot #018 -> Método: [POST  ] | Path: [/roles/edit]
[2026-10-07 13:47:10] [SUCCESS]: Slot #019 -> Método: [POST  ] | Path: [/roles/get]
[2026-10-07 13:47:10] [SUCCESS]: Slot #020 -> Método: [GET   ] | Path: [/funciones_ejecutivas/list]
[2026-10-07 13:47:10] [SUCCESS]: Slot #021 -> Método: [POST  ] | Path: [/funciones_ejecutivas/add]
[2026-10-07 13:47:10] [SUCCESS]: Slot #022 -> Método: [POST  ] | Path: [/funciones_ejecutivas/edit]
[2026-10-07 13:47:10] [SUCCESS]: Slot #023 -> Método: [POST  ] | Path: [/funciones_ejecutivas/get]
[2026-10-07 13:47:10] [SUCCESS]: Slot #024 -> Método: [GET   ] | Path: [/adicional_grado/list]
[2026-10-07 13:47:10] [SUCCESS]: Slot #025 -> Método: [POST  ] | Path: [/adicional_grado/add]
[2026-10-07 13:47:10] [SUCCESS]: Slot #026 -> Método: [POST  ] | Path: [/adicional_grado/edit]
[2026-10-07 13:47:10] [SUCCESS]: Slot #027 -> Método: [POST  ] | Path: [/adicional_grado/get]
[2026-10-07 13:47:10] [SUCCESS]: Slot #028 -> Método: [GET   ] | Path: [/unidades_retributivas/list]
[2026-10-07 13:47:10] [SUCCESS]: Slot #029 -> Método: [POST  ] | Path: [/unidades_retributivas/add]
[2026-10-07 13:47:10] [SUCCESS]: Slot #030 -> Método: [POST  ] | Path: [/unidades_retributivas/edit]
[2026-10-07 13:47:10] [SUCCESS]: Slot #031 -> Método: [POST  ] | Path: [/unidades_retributivas/get]
[2026-10-07 13:47:10] [SUCCESS]: Slot #032 -> Método: [POST  ] | Path: [/session/set-context]
[2026-10-07 13:47:10] [SUCCESS]: Slot #033 -> Método: [POST  ] | Path: [/session/logout]
[2026-10-07 13:47:10] [INFO]: === TOTAL DE RUTAS MAPEADAS EN MEMORIA: [33/500] ===
[2026-10-07 15:13:06] [INFO]: Iniciando secuencia de vinculación de módulos...
[2026-10-07 15:13:06] [INFO]: === INICIANDO DETALLE DE MAPEO DE ENTRADAS (ROUTER) ===
[2026-10-07 15:13:06] [SUCCESS]: Slot #001 -> Método: [POST  ] | Path: [/session/set-context]
[2026-10-07 15:13:06] [SUCCESS]: Slot #002 -> Método: [POST  ] | Path: [/session/logout]
[2026-10-07 15:13:06] [SUCCESS]: Slot #003 -> Método: [GET   ] | Path: [/]
[2026-10-07 15:13:06] [SUCCESS]: Slot #004 -> Método: [GET   ] | Path: [/password]
[2026-10-07 15:13:06] [SUCCESS]: Slot #005 -> Método: [POST  ] | Path: [/password]
[2026-10-07 15:13:06] [SUCCESS]: Slot #006 -> Método: [GET   ] | Path: [/users]
[2026-10-07 15:13:06] [SUCCESS]: Slot #007 -> Método: [GET   ] | Path: [/users/register]
[2026-10-07 15:13:06] [SUCCESS]: Slot #008 -> Método: [POST  ] | Path: [/users/register]
[2026-10-07 15:13:06] [SUCCESS]: Slot #009 -> Método: [GET   ] | Path: [/login]
[2026-10-07 15:13:06] [SUCCESS]: Slot #010 -> Método: [POST  ] | Path: [/users/get-user]
[2026-10-07 15:13:06] [SUCCESS]: Slot #011 -> Método: [POST  ] | Path: [/login]
[2026-10-07 15:13:06] [SUCCESS]: Slot #012 -> Método: [GET   ] | Path: [/users/list]
[2026-10-07 15:13:06] [SUCCESS]: Slot #013 -> Método: [POST  ] | Path: [/users/get-role]
[2026-10-07 15:13:06] [SUCCESS]: Slot #014 -> Método: [POST  ] | Path: [/users/update-role]
[2026-10-07 15:13:06] [SUCCESS]: Slot #015 -> Método: [POST  ] | Path: [/users/get-id]
[2026-10-07 15:13:06] [SUCCESS]: Slot #016 -> Método: [GET   ] | Path: [/roles/list]
[2026-10-07 15:13:06] [SUCCESS]: Slot #017 -> Método: [POST  ] | Path: [/roles/add]
[2026-10-07 15:13:06] [SUCCESS]: Slot #018 -> Método: [POST  ] | Path: [/roles/edit]
[2026-10-07 15:13:06] [SUCCESS]: Slot #019 -> Método: [POST  ] | Path: [/roles/get]
[2026-10-07 15:13:06] [SUCCESS]: Slot #020 -> Método: [GET   ] | Path: [/funciones_ejecutivas/list]
[2026-10-07 15:13:06] [SUCCESS]: Slot #021 -> Método: [POST  ] | Path: [/funciones_ejecutivas/add]
[2026-10-07 15:13:06] [SUCCESS]: Slot #022 -> Método: [POST  ] | Path: [/funciones_ejecutivas/edit]
[2026-10-07 15:13:06] [SUCCESS]: Slot #023 -> Método: [POST  ] | Path: [/funciones_ejecutivas/get]
[2026-10-07 15:13:06] [SUCCESS]: Slot #024 -> Método: [GET   ] | Path: [/adicional_grado/list]
[2026-10-07 15:13:06] [SUCCESS]: Slot #025 -> Método: [POST  ] | Path: [/adicional_grado/add]
[2026-10-07 15:13:06] [SUCCESS]: Slot #026 -> Método: [POST  ] | Path: [/adicional_grado/edit]
[2026-10-07 15:13:06] [SUCCESS]: Slot #027 -> Método: [POST  ] | Path: [/adicional_grado/get]
[2026-10-07 15:13:06] [SUCCESS]: Slot #028 -> Método: [GET   ] | Path: [/unidades_retributivas/list]
[2026-10-07 15:13:06] [SUCCESS]: Slot #029 -> Método: [POST  ] | Path: [/unidades_retributivas/add]
[2026-10-07 15:13:06] [SUCCESS]: Slot #030 -> Método: [POST  ] | Path: [/unidades_retributivas/edit]
[2026-10-07 15:13:06] [SUCCESS]: Slot #031 -> Método: [POST  ] | Path: [/unidades_retributivas/get]
[2026-10-07 15:13:06] [SUCCESS]: Slot #032 -> Método: [POST  ] | Path: [/session/set-context]
[2026-10-07 15:13:06] [SUCCESS]: Slot #033 -> Método: [POST  ] | Path: [/session/logout]
[2026-10-07 15:13:06] [INFO]: === TOTAL DE RUTAS MAPEADAS EN MEMORIA: [33/500] ===
[2026-10-07 15:13:23] [INFO]: Iniciando secuencia de vinculación de módulos...
[2026-10-07 15:13:23] [INFO]: === INICIANDO DETALLE DE MAPEO DE ENTRADAS (ROUTER) ===
[2026-10-07 15:13:23] [SUCCESS]: Slot #001 -> Método: [POST  ] | Path: [/session/set-context]
[2026-10-07 15:13:23] [SUCCESS]: Slot #002 -> Método: [POST  ] | Path: [/session/logout]
[2026-10-07 15:13:23] [SUCCESS]: Slot #003 -> Método: [GET   ] | Path: [/]
[2026-10-07 15:13:23] [SUCCESS]: Slot #004 -> Método: [GET   ] | Path: [/password]
[2026-10-07 15:13:23] [SUCCESS]: Slot #005 -> Método: [POST  ] | Path: [/password]
[2026-10-07 15:13:23] [SUCCESS]: Slot #006 -> Método: [GET   ] | Path: [/users]
[2026-10-07 15:13:23] [SUCCESS]: Slot #007 -> Método: [GET   ] | Path: [/users/register]
[2026-10-07 15:13:23] [SUCCESS]: Slot #008 -> Método: [POST  ] | Path: [/users/register]
[2026-10-07 15:13:23] [SUCCESS]: Slot #009 -> Método: [GET   ] | Path: [/login]
[2026-10-07 15:13:23] [SUCCESS]: Slot #010 -> Método: [POST  ] | Path: [/users/get-user]
[2026-10-07 15:13:23] [SUCCESS]: Slot #011 -> Método: [POST  ] | Path: [/login]
[2026-10-07 15:13:23] [SUCCESS]: Slot #012 -> Método: [GET   ] | Path: [/users/list]
[2026-10-07 15:13:23] [SUCCESS]: Slot #013 -> Método: [POST  ] | Path: [/users/get-role]
[2026-10-07 15:13:23] [SUCCESS]: Slot #014 -> Método: [POST  ] | Path: [/users/update-role]
[2026-10-07 15:13:23] [SUCCESS]: Slot #015 -> Método: [POST  ] | Path: [/users/get-id]
[2026-10-07 15:13:23] [SUCCESS]: Slot #016 -> Método: [GET   ] | Path: [/roles/list]
[2026-10-07 15:13:23] [SUCCESS]: Slot #017 -> Método: [POST  ] | Path: [/roles/add]
[2026-10-07 15:13:23] [SUCCESS]: Slot #018 -> Método: [POST  ] | Path: [/roles/edit]
[2026-10-07 15:13:23] [SUCCESS]: Slot #019 -> Método: [POST  ] | Path: [/roles/get]
[2026-10-07 15:13:23] [SUCCESS]: Slot #020 -> Método: [GET   ] | Path: [/funciones_ejecutivas/list]
[2026-10-07 15:13:23] [SUCCESS]: Slot #021 -> Método: [POST  ] | Path: [/funciones_ejecutivas/add]
[2026-10-07 15:13:23] [SUCCESS]: Slot #022 -> Método: [POST  ] | Path: [/funciones_ejecutivas/edit]
[2026-10-07 15:13:23] [SUCCESS]: Slot #023 -> Método: [POST  ] | Path: [/funciones_ejecutivas/get]
[2026-10-07 15:13:23] [SUCCESS]: Slot #024 -> Método: [GET   ] | Path: [/adicional_grado/list]
[2026-10-07 15:13:23] [SUCCESS]: Slot #025 -> Método: [POST  ] | Path: [/adicional_grado/add]
[2026-10-07 15:13:23] [SUCCESS]: Slot #026 -> Método: [POST  ] | Path: [/adicional_grado/edit]
[2026-10-07 15:13:23] [SUCCESS]: Slot #027 -> Método: [POST  ] | Path: [/adicional_grado/get]
[2026-10-07 15:13:23] [SUCCESS]: Slot #028 -> Método: [GET   ] | Path: [/unidades_retributivas/list]
[2026-10-07 15:13:23] [SUCCESS]: Slot #029 -> Método: [POST  ] | Path: [/unidades_retributivas/add]
[2026-10-07 15:13:23] [SUCCESS]: Slot #030 -> Método: [POST  ] | Path: [/unidades_retributivas/edit]
[2026-10-07 15:13:23] [SUCCESS]: Slot #031 -> Método: [POST  ] | Path: [/unidades_retributivas/get]
[2026-10-07 15:13:23] [SUCCESS]: Slot #032 -> Método: [POST  ] | Path: [/session/set-context]
[2026-10-07 15:13:23] [SUCCESS]: Slot #033 -> Método: [POST  ] | Path: [/session/logout]
[2026-10-07 15:13:23] [INFO]: === TOTAL DE RUTAS MAPEADAS EN MEMORIA: [33/500] ===
[2026-10-07 15:13:57] [INFO]: Iniciando secuencia de vinculación de módulos...
[2026-10-07 15:13:57] [INFO]: === INICIANDO DETALLE DE MAPEO DE ENTRADAS (ROUTER) ===
[2026-10-07 15:13:57] [SUCCESS]: Slot #001 -> Método: [POST  ] | Path: [/session/set-context]
[2026-10-07 15:13:57] [SUCCESS]: Slot #002 -> Método: [POST  ] | Path: [/session/logout]
[2026-10-07 15:13:57] [SUCCESS]: Slot #003 -> Método: [GET   ] | Path: [/]
[2026-10-07 15:13:57] [SUCCESS]: Slot #004 -> Método: [GET   ] | Path: [/password]
[2026-10-07 15:13:57] [SUCCESS]: Slot #005 -> Método: [POST  ] | Path: [/password]
[2026-10-07 15:13:57] [SUCCESS]: Slot #006 -> Método: [GET   ] | Path: [/users]
[2026-10-07 15:13:57] [SUCCESS]: Slot #007 -> Método: [GET   ] | Path: [/users/register]
[2026-10-07 15:13:57] [SUCCESS]: Slot #008 -> Método: [POST  ] | Path: [/users/register]
[2026-10-07 15:13:57] [SUCCESS]: Slot #009 -> Método: [GET   ] | Path: [/login]
[2026-10-07 15:13:57] [SUCCESS]: Slot #010 -> Método: [POST  ] | Path: [/users/get-user]
[2026-10-07 15:13:57] [SUCCESS]: Slot #011 -> Método: [POST  ] | Path: [/login]
[2026-10-07 15:13:57] [SUCCESS]: Slot #012 -> Método: [GET   ] | Path: [/users/list]
[2026-10-07 15:13:57] [SUCCESS]: Slot #013 -> Método: [POST  ] | Path: [/users/get-role]
[2026-10-07 15:13:57] [SUCCESS]: Slot #014 -> Método: [POST  ] | Path: [/users/update-role]
[2026-10-07 15:13:57] [SUCCESS]: Slot #015 -> Método: [POST  ] | Path: [/users/get-id]
[2026-10-07 15:13:57] [SUCCESS]: Slot #016 -> Método: [GET   ] | Path: [/roles/list]
[2026-10-07 15:13:57] [SUCCESS]: Slot #017 -> Método: [POST  ] | Path: [/roles/add]
[2026-10-07 15:13:57] [SUCCESS]: Slot #018 -> Método: [POST  ] | Path: [/roles/edit]
[2026-10-07 15:13:57] [SUCCESS]: Slot #019 -> Método: [POST  ] | Path: [/roles/get]
[2026-10-07 15:13:57] [SUCCESS]: Slot #020 -> Método: [GET   ] | Path: [/funciones_ejecutivas/list]
[2026-10-07 15:13:57] [SUCCESS]: Slot #021 -> Método: [POST  ] | Path: [/funciones_ejecutivas/add]
[2026-10-07 15:13:57] [SUCCESS]: Slot #022 -> Método: [POST  ] | Path: [/funciones_ejecutivas/edit]
[2026-10-07 15:13:57] [SUCCESS]: Slot #023 -> Método: [POST  ] | Path: [/funciones_ejecutivas/get]
[2026-10-07 15:13:57] [SUCCESS]: Slot #024 -> Método: [GET   ] | Path: [/adicional_grado/list]
[2026-10-07 15:13:57] [SUCCESS]: Slot #025 -> Método: [POST  ] | Path: [/adicional_grado/add]
[2026-10-07 15:13:57] [SUCCESS]: Slot #026 -> Método: [POST  ] | Path: [/adicional_grado/edit]
[2026-10-07 15:13:57] [SUCCESS]: Slot #027 -> Método: [POST  ] | Path: [/adicional_grado/get]
[2026-10-07 15:13:57] [SUCCESS]: Slot #028 -> Método: [GET   ] | Path: [/unidades_retributivas/list]
[2026-10-07 15:13:57] [SUCCESS]: Slot #029 -> Método: [POST  ] | Path: [/unidades_retributivas/add]
[2026-10-07 15:13:57] [SUCCESS]: Slot #030 -> Método: [POST  ] | Path: [/unidades_retributivas/edit]
[2026-10-07 15:13:57] [SUCCESS]: Slot #031 -> Método: [POST  ] | Path: [/unidades_retributivas/get]
[2026-10-07 15:13:57] [SUCCESS]: Slot #032 -> Método: [POST  ] | Path: [/session/set-context]
[2026-10-07 15:13:57] [SUCCESS]: Slot #033 -> Método: [POST  ] | Path: [/session/logout]
[2026-10-07 15:13:57] [INFO]: === TOTAL DE RUTAS MAPEADAS EN MEMORIA: [33/500] ===
[2026-10-07 15:18:25] [INFO]: Iniciando secuencia de vinculación de módulos...
[2026-10-07 15:18:25] [INFO]: === INICIANDO DETALLE DE MAPEO DE ENTRADAS (ROUTER) ===
[2026-10-07 15:18:25] [SUCCESS]: Slot #001 -> Método: [POST  ] | Path: [/session/set-context]
[2026-10-07 15:18:25] [SUCCESS]: Slot #002 -> Método: [POST  ] | Path: [/session/logout]
[2026-10-07 15:18:25] [SUCCESS]: Slot #003 -> Método: [GET   ] | Path: [/]
[2026-10-07 15:18:25] [SUCCESS]: Slot #004 -> Método: [GET   ] | Path: [/password]
[2026-10-07 15:18:25] [SUCCESS]: Slot #005 -> Método: [POST  ] | Path: [/password]
[2026-10-07 15:18:25] [SUCCESS]: Slot #006 -> Método: [GET   ] | Path: [/users]
[2026-10-07 15:18:25] [SUCCESS]: Slot #007 -> Método: [GET   ] | Path: [/users/register]
[2026-10-07 15:18:25] [SUCCESS]: Slot #008 -> Método: [POST  ] | Path: [/users/register]
[2026-10-07 15:18:25] [SUCCESS]: Slot #009 -> Método: [GET   ] | Path: [/login]
[2026-10-07 15:18:25] [SUCCESS]: Slot #010 -> Método: [POST  ] | Path: [/users/get-user]
[2026-10-07 15:18:25] [SUCCESS]: Slot #011 -> Método: [POST  ] | Path: [/login]
[2026-10-07 15:18:25] [SUCCESS]: Slot #012 -> Método: [GET   ] | Path: [/users/list]
[2026-10-07 15:18:25] [SUCCESS]: Slot #013 -> Método: [POST  ] | Path: [/users/get-role]
[2026-10-07 15:18:25] [SUCCESS]: Slot #014 -> Método: [POST  ] | Path: [/users/update-role]
[2026-10-07 15:18:25] [SUCCESS]: Slot #015 -> Método: [POST  ] | Path: [/users/get-id]
[2026-10-07 15:18:25] [SUCCESS]: Slot #016 -> Método: [GET   ] | Path: [/roles/list]
[2026-10-07 15:18:25] [SUCCESS]: Slot #017 -> Método: [POST  ] | Path: [/roles/add]
[2026-10-07 15:18:25] [SUCCESS]: Slot #018 -> Método: [POST  ] | Path: [/roles/edit]
[2026-10-07 15:18:25] [SUCCESS]: Slot #019 -> Método: [POST  ] | Path: [/roles/get]
[2026-10-07 15:18:25] [SUCCESS]: Slot #020 -> Método: [GET   ] | Path: [/funciones_ejecutivas/list]
[2026-10-07 15:18:25] [SUCCESS]: Slot #021 -> Método: [POST  ] | Path: [/funciones_ejecutivas/add]
[2026-10-07 15:18:25] [SUCCESS]: Slot #022 -> Método: [POST  ] | Path: [/funciones_ejecutivas/edit]
[2026-10-07 15:18:25] [SUCCESS]: Slot #023 -> Método: [POST  ] | Path: [/funciones_ejecutivas/get]
[2026-10-07 15:18:25] [SUCCESS]: Slot #024 -> Método: [GET   ] | Path: [/adicional_grado/list]
[2026-10-07 15:18:25] [SUCCESS]: Slot #025 -> Método: [POST  ] | Path: [/adicional_grado/add]
[2026-10-07 15:18:25] [SUCCESS]: Slot #026 -> Método: [POST  ] | Path: [/adicional_grado/edit]
[2026-10-07 15:18:25] [SUCCESS]: Slot #027 -> Método: [POST  ] | Path: [/adicional_grado/get]
[2026-10-07 15:18:25] [SUCCESS]: Slot #028 -> Método: [GET   ] | Path: [/unidades_retributivas/list]
[2026-10-07 15:18:25] [SUCCESS]: Slot #029 -> Método: [POST  ] | Path: [/unidades_retributivas/add]
[2026-10-07 15:18:25] [SUCCESS]: Slot #030 -> Método: [POST  ] | Path: [/unidades_retributivas/edit]
[2026-10-07 15:18:25] [SUCCESS]: Slot #031 -> Método: [POST  ] | Path: [/unidades_retributivas/get]
[2026-10-07 15:18:25] [SUCCESS]: Slot #032 -> Método: [POST  ] | Path: [/session/set-context]
[2026-10-07 15:18:25] [SUCCESS]: Slot #033 -> Método: [POST  ] | Path: [/session/logout]
[2026-10-07 15:18:25] [INFO]: === TOTAL DE RUTAS MAPEADAS EN MEMORIA: [33/500] ===
[2026-10-07 15:22:34] [INFO]: Iniciando secuencia de vinculación de módulos...
[2026-10-07 15:22:34] [INFO]: === INICIANDO DETALLE DE MAPEO DE ENTRADAS (ROUTER) ===
[2026-10-07 15:22:34] [SUCCESS]: Slot #001 -> Método: [POST  ] | Path: [/session/set-context]
[2026-10-07 15:22:34] [SUCCESS]: Slot #002 -> Método: [POST  ] | Path: [/session/logout]
[2026-10-07 15:22:34] [SUCCESS]: Slot #003 -> Método: [GET   ] | Path: [/]
[2026-10-07 15:22:34] [SUCCESS]: Slot #004 -> Método: [GET   ] | Path: [/password]
[2026-10-07 15:22:34] [SUCCESS]: Slot #005 -> Método: [POST  ] | Path: [/password]
[2026-10-07 15:22:34] [SUCCESS]: Slot #006 -> Método: [GET   ] | Path: [/users]
[2026-10-07 15:22:34] [SUCCESS]: Slot #007 -> Método: [GET   ] | Path: [/users/register]
[2026-10-07 15:22:34] [SUCCESS]: Slot #008 -> Método: [POST  ] | Path: [/users/register]
[2026-10-07 15:22:34] [SUCCESS]: Slot #009 -> Método: [GET   ] | Path: [/login]
[2026-10-07 15:22:34] [SUCCESS]: Slot #010 -> Método: [POST  ] | Path: [/users/get-user]
[2026-10-07 15:22:34] [SUCCESS]: Slot #011 -> Método: [POST  ] | Path: [/login]
[2026-10-07 15:22:34] [SUCCESS]: Slot #012 -> Método: [GET   ] | Path: [/users/list]
[2026-10-07 15:22:34] [SUCCESS]: Slot #013 -> Método: [POST  ] | Path: [/users/get-role]
[2026-10-07 15:22:34] [SUCCESS]: Slot #014 -> Método: [POST  ] | Path: [/users/update-role]
[2026-10-07 15:22:34] [SUCCESS]: Slot #015 -> Método: [POST  ] | Path: [/users/get-id]
[2026-10-07 15:22:34] [SUCCESS]: Slot #016 -> Método: [GET   ] | Path: [/roles/list]
[2026-10-07 15:22:34] [SUCCESS]: Slot #017 -> Método: [POST  ] | Path: [/roles/add]
[2026-10-07 15:22:34] [SUCCESS]: Slot #018 -> Método: [POST  ] | Path: [/roles/edit]
[2026-10-07 15:22:34] [SUCCESS]: Slot #019 -> Método: [POST  ] | Path: [/roles/get]
[2026-10-07 15:22:34] [SUCCESS]: Slot #020 -> Método: [GET   ] | Path: [/funciones_ejecutivas/list]
[2026-10-07 15:22:34] [SUCCESS]: Slot #021 -> Método: [POST  ] | Path: [/funciones_ejecutivas/add]
[2026-10-07 15:22:34] [SUCCESS]: Slot #022 -> Método: [POST  ] | Path: [/funciones_ejecutivas/edit]
[2026-10-07 15:22:34] [SUCCESS]: Slot #023 -> Método: [POST  ] | Path: [/funciones_ejecutivas/get]
[2026-10-07 15:22:34] [SUCCESS]: Slot #024 -> Método: [GET   ] | Path: [/adicional_grado/list]
[2026-10-07 15:22:34] [SUCCESS]: Slot #025 -> Método: [POST  ] | Path: [/adicional_grado/add]
[2026-10-07 15:22:34] [SUCCESS]: Slot #026 -> Método: [POST  ] | Path: [/adicional_grado/edit]
[2026-10-07 15:22:34] [SUCCESS]: Slot #027 -> Método: [POST  ] | Path: [/adicional_grado/get]
[2026-10-07 15:22:34] [SUCCESS]: Slot #028 -> Método: [GET   ] | Path: [/unidades_retributivas/list]
[2026-10-07 15:22:34] [SUCCESS]: Slot #029 -> Método: [POST  ] | Path: [/unidades_retributivas/add]
[2026-10-07 15:22:34] [SUCCESS]: Slot #030 -> Método: [POST  ] | Path: [/unidades_retributivas/edit]
[2026-10-07 15:22:34] [SUCCESS]: Slot #031 -> Método: [POST  ] | Path: [/unidades_retributivas/get]
[2026-10-07 15:22:34] [SUCCESS]: Slot #032 -> Método: [POST  ] | Path: [/session/set-context]
[2026-10-07 15:22:34] [SUCCESS]: Slot #033 -> Método: [POST  ] | Path: [/session/logout]
[2026-10-07 15:22:34] [INFO]: === TOTAL DE RUTAS MAPEADAS EN MEMORIA: [33/500] ===
[2026-10-07 15:29:46] [INFO]: Iniciando secuencia de vinculación de módulos...
[2026-10-07 15:29:46] [INFO]: === INICIANDO DETALLE DE MAPEO DE ENTRADAS (ROUTER) ===
[2026-10-07 15:29:46] [SUCCESS]: Slot #001 -> Método: [POST  ] | Path: [/session/set-context]
[2026-10-07 15:29:46] [SUCCESS]: Slot #002 -> Método: [POST  ] | Path: [/session/logout]
[2026-10-07 15:29:46] [SUCCESS]: Slot #003 -> Método: [GET   ] | Path: [/]
[2026-10-07 15:29:46] [SUCCESS]: Slot #004 -> Método: [GET   ] | Path: [/password]
[2026-10-07 15:29:46] [SUCCESS]: Slot #005 -> Método: [POST  ] | Path: [/password]
[2026-10-07 15:29:46] [SUCCESS]: Slot #006 -> Método: [GET   ] | Path: [/users]
[2026-10-07 15:29:46] [SUCCESS]: Slot #007 -> Método: [GET   ] | Path: [/users/register]
[2026-10-07 15:29:46] [SUCCESS]: Slot #008 -> Método: [POST  ] | Path: [/users/register]
[2026-10-07 15:29:46] [SUCCESS]: Slot #009 -> Método: [GET   ] | Path: [/login]
[2026-10-07 15:29:46] [SUCCESS]: Slot #010 -> Método: [POST  ] | Path: [/users/get-user]
[2026-10-07 15:29:46] [SUCCESS]: Slot #011 -> Método: [POST  ] | Path: [/login]
[2026-10-07 15:29:46] [SUCCESS]: Slot #012 -> Método: [GET   ] | Path: [/users/list]
[2026-10-07 15:29:46] [SUCCESS]: Slot #013 -> Método: [POST  ] | Path: [/users/get-role]
[2026-10-07 15:29:46] [SUCCESS]: Slot #014 -> Método: [POST  ] | Path: [/users/update-role]
[2026-10-07 15:29:46] [SUCCESS]: Slot #015 -> Método: [POST  ] | Path: [/users/get-id]
[2026-10-07 15:29:46] [SUCCESS]: Slot #016 -> Método: [GET   ] | Path: [/roles/list]
[2026-10-07 15:29:46] [SUCCESS]: Slot #017 -> Método: [POST  ] | Path: [/roles/add]
[2026-10-07 15:29:46] [SUCCESS]: Slot #018 -> Método: [POST  ] | Path: [/roles/edit]
[2026-10-07 15:29:46] [SUCCESS]: Slot #019 -> Método: [POST  ] | Path: [/roles/get]
[2026-10-07 15:29:46] [SUCCESS]: Slot #020 -> Método: [GET   ] | Path: [/funciones_ejecutivas/list]
[2026-10-07 15:29:46] [SUCCESS]: Slot #021 -> Método: [POST  ] | Path: [/funciones_ejecutivas/add]
[2026-10-07 15:29:46] [SUCCESS]: Slot #022 -> Método: [POST  ] | Path: [/funciones_ejecutivas/edit]
[2026-10-07 15:29:46] [SUCCESS]: Slot #023 -> Método: [POST  ] | Path: [/funciones_ejecutivas/get]
[2026-10-07 15:29:46] [SUCCESS]: Slot #024 -> Método: [GET   ] | Path: [/adicional_grado/list]
[2026-10-07 15:29:46] [SUCCESS]: Slot #025 -> Método: [POST  ] | Path: [/adicional_grado/add]
[2026-10-07 15:29:46] [SUCCESS]: Slot #026 -> Método: [POST  ] | Path: [/adicional_grado/edit]
[2026-10-07 15:29:46] [SUCCESS]: Slot #027 -> Método: [POST  ] | Path: [/adicional_grado/get]
[2026-10-07 15:29:46] [SUCCESS]: Slot #028 -> Método: [GET   ] | Path: [/unidades_retributivas/list]
[2026-10-07 15:29:46] [SUCCESS]: Slot #029 -> Método: [POST  ] | Path: [/unidades_retributivas/add]
[2026-10-07 15:29:46] [SUCCESS]: Slot #030 -> Método: [POST  ] | Path: [/unidades_retributivas/edit]
[2026-10-07 15:29:46] [SUCCESS]: Slot #031 -> Método: [POST  ] | Path: [/unidades_retributivas/get]
[2026-10-07 15:29:46] [SUCCESS]: Slot #032 -> Método: [POST  ] | Path: [/session/set-context]
[2026-10-07 15:29:46] [SUCCESS]: Slot #033 -> Método: [POST  ] | Path: [/session/logout]
[2026-10-07 15:29:46] [INFO]: === TOTAL DE RUTAS MAPEADAS EN MEMORIA: [33/500] ===
[2026-10-08 08:22:17] [INFO]: Iniciando secuencia de vinculación de módulos...
[2026-10-08 08:22:17] [INFO]: === INICIANDO DETALLE DE MAPEO DE ENTRADAS (ROUTER) ===
[2026-10-08 08:22:17] [SUCCESS]: Slot #001 -> Método: [POST  ] | Path: [/session/set-context]
[2026-10-08 08:22:17] [SUCCESS]: Slot #002 -> Método: [POST  ] | Path: [/session/logout]
[2026-10-08 08:22:17] [SUCCESS]: Slot #003 -> Método: [GET   ] | Path: [/]
[2026-10-08 08:22:17] [SUCCESS]: Slot #004 -> Método: [GET   ] | Path: [/password]
[2026-10-08 08:22:17] [SUCCESS]: Slot #005 -> Método: [POST  ] | Path: [/password]
[2026-10-08 08:22:17] [SUCCESS]: Slot #006 -> Método: [GET   ] | Path: [/users]
[2026-10-08 08:22:17] [SUCCESS]: Slot #007 -> Método: [GET   ] | Path: [/users/register]
[2026-10-08 08:22:17] [SUCCESS]: Slot #008 -> Método: [POST  ] | Path: [/users/register]
[2026-10-08 08:22:17] [SUCCESS]: Slot #009 -> Método: [GET   ] | Path: [/login]
[2026-10-08 08:22:17] [SUCCESS]: Slot #010 -> Método: [POST  ] | Path: [/users/get-user]
[2026-10-08 08:22:17] [SUCCESS]: Slot #011 -> Método: [POST  ] | Path: [/login]
[2026-10-08 08:22:17] [SUCCESS]: Slot #012 -> Método: [GET   ] | Path: [/users/list]
[2026-10-08 08:22:17] [SUCCESS]: Slot #013 -> Método: [POST  ] | Path: [/users/get-role]
[2026-10-08 08:22:17] [SUCCESS]: Slot #014 -> Método: [POST  ] | Path: [/users/update-role]
[2026-10-08 08:22:17] [SUCCESS]: Slot #015 -> Método: [POST  ] | Path: [/users/get-id]
[2026-10-08 08:22:17] [SUCCESS]: Slot #016 -> Método: [GET   ] | Path: [/roles/list]
[2026-10-08 08:22:17] [SUCCESS]: Slot #017 -> Método: [POST  ] | Path: [/roles/add]
[2026-10-08 08:22:17] [SUCCESS]: Slot #018 -> Método: [POST  ] | Path: [/roles/edit]
[2026-10-08 08:22:17] [SUCCESS]: Slot #019 -> Método: [POST  ] | Path: [/roles/get]
[2026-10-08 08:22:17] [SUCCESS]: Slot #020 -> Método: [GET   ] | Path: [/funciones_ejecutivas/list]
[2026-10-08 08:22:17] [SUCCESS]: Slot #021 -> Método: [POST  ] | Path: [/funciones_ejecutivas/add]
[2026-10-08 08:22:17] [SUCCESS]: Slot #022 -> Método: [POST  ] | Path: [/funciones_ejecutivas/edit]
[2026-10-08 08:22:17] [SUCCESS]: Slot #023 -> Método: [POST  ] | Path: [/funciones_ejecutivas/get]
[2026-10-08 08:22:17] [SUCCESS]: Slot #024 -> Método: [GET   ] | Path: [/adicional_grado/list]
[2026-10-08 08:22:17] [SUCCESS]: Slot #025 -> Método: [POST  ] | Path: [/adicional_grado/add]
[2026-10-08 08:22:17] [SUCCESS]: Slot #026 -> Método: [POST  ] | Path: [/adicional_grado/edit]
[2026-10-08 08:22:17] [SUCCESS]: Slot #027 -> Método: [POST  ] | Path: [/adicional_grado/get]
[2026-10-08 08:22:17] [SUCCESS]: Slot #028 -> Método: [GET   ] | Path: [/unidades_retributivas/list]
[2026-10-08 08:22:17] [SUCCESS]: Slot #029 -> Método: [POST  ] | Path: [/unidades_retributivas/add]
[2026-10-08 08:22:17] [SUCCESS]: Slot #030 -> Método: [POST  ] | Path: [/unidades_retributivas/edit]
[2026-10-08 08:22:17] [SUCCESS]: Slot #031 -> Método: [POST  ] | Path: [/unidades_retributivas/get]
[2026-10-08 08:22:17] [SUCCESS]: Slot #032 -> Método: [POST  ] | Path: [/session/set-context]
[2026-10-08 08:22:17] [SUCCESS]: Slot #033 -> Método: [POST  ] | Path: [/session/logout]
[2026-10-08 08:22:17] [INFO]: === TOTAL DE RUTAS MAPEADAS EN MEMORIA: [33/500] ===
[2026-10-08 08:36:31] [INFO]: Iniciando secuencia de vinculación de módulos...
[2026-10-08 08:36:31] [INFO]: === INICIANDO DETALLE DE MAPEO DE ENTRADAS (ROUTER) ===
[2026-10-08 08:36:31] [SUCCESS]: Slot #001 -> Método: [POST  ] | Path: [/session/set-context]
[2026-10-08 08:36:31] [SUCCESS]: Slot #002 -> Método: [POST  ] | Path: [/session/logout]
[2026-10-08 08:36:31] [SUCCESS]: Slot #003 -> Método: [GET   ] | Path: [/]
[2026-10-08 08:36:31] [SUCCESS]: Slot #004 -> Método: [GET   ] | Path: [/password]
[2026-10-08 08:36:31] [SUCCESS]: Slot #005 -> Método: [POST  ] | Path: [/password]
[2026-10-08 08:36:31] [SUCCESS]: Slot #006 -> Método: [GET   ] | Path: [/users]
[2026-10-08 08:36:31] [SUCCESS]: Slot #007 -> Método: [GET   ] | Path: [/users/register]
[2026-10-08 08:36:31] [SUCCESS]: Slot #008 -> Método: [POST  ] | Path: [/users/register]
[2026-10-08 08:36:31] [SUCCESS]: Slot #009 -> Método: [GET   ] | Path: [/login]
[2026-10-08 08:36:31] [SUCCESS]: Slot #010 -> Método: [POST  ] | Path: [/users/get-user]
[2026-10-08 08:36:31] [SUCCESS]: Slot #011 -> Método: [POST  ] | Path: [/login]
[2026-10-08 08:36:31] [SUCCESS]: Slot #012 -> Método: [GET   ] | Path: [/users/list]
[2026-10-08 08:36:31] [SUCCESS]: Slot #013 -> Método: [POST  ] | Path: [/users/get-role]
[2026-10-08 08:36:31] [SUCCESS]: Slot #014 -> Método: [POST  ] | Path: [/users/update-role]
[2026-10-08 08:36:31] [SUCCESS]: Slot #015 -> Método: [POST  ] | Path: [/users/get-id]
[2026-10-08 08:36:31] [SUCCESS]: Slot #016 -> Método: [GET   ] | Path: [/roles/list]
[2026-10-08 08:36:31] [SUCCESS]: Slot #017 -> Método: [POST  ] | Path: [/roles/add]
[2026-10-08 08:36:31] [SUCCESS]: Slot #018 -> Método: [POST  ] | Path: [/roles/edit]
[2026-10-08 08:36:31] [SUCCESS]: Slot #019 -> Método: [POST  ] | Path: [/roles/get]
[2026-10-08 08:36:31] [SUCCESS]: Slot #020 -> Método: [GET   ] | Path: [/funciones_ejecutivas/list]
[2026-10-08 08:36:31] [SUCCESS]: Slot #021 -> Método: [POST  ] | Path: [/funciones_ejecutivas/add]
[2026-10-08 08:36:31] [SUCCESS]: Slot #022 -> Método: [POST  ] | Path: [/funciones_ejecutivas/edit]
[2026-10-08 08:36:31] [SUCCESS]: Slot #023 -> Método: [POST  ] | Path: [/funciones_ejecutivas/get]
[2026-10-08 08:36:31] [SUCCESS]: Slot #024 -> Método: [GET   ] | Path: [/adicional_grado/list]
[2026-10-08 08:36:31] [SUCCESS]: Slot #025 -> Método: [POST  ] | Path: [/adicional_grado/add]
[2026-10-08 08:36:31] [SUCCESS]: Slot #026 -> Método: [POST  ] | Path: [/adicional_grado/edit]
[2026-10-08 08:36:31] [SUCCESS]: Slot #027 -> Método: [POST  ] | Path: [/adicional_grado/get]
[2026-10-08 08:36:31] [SUCCESS]: Slot #028 -> Método: [GET   ] | Path: [/unidades_retributivas/list]
[2026-10-08 08:36:31] [SUCCESS]: Slot #029 -> Método: [POST  ] | Path: [/unidades_retributivas/add]
[2026-10-08 08:36:31] [SUCCESS]: Slot #030 -> Método: [POST  ] | Path: [/unidades_retributivas/edit]
[2026-10-08 08:36:31] [SUCCESS]: Slot #031 -> Método: [POST  ] | Path: [/unidades_retributivas/get]
[2026-10-08 08:36:31] [SUCCESS]: Slot #032 -> Método: [POST  ] | Path: [/session/set-context]
[2026-10-08 08:36:31] [SUCCESS]: Slot #033 -> Método: [POST  ] | Path: [/session/logout]
[2026-10-08 08:36:31] [INFO]: === TOTAL DE RUTAS MAPEADAS EN MEMORIA: [33/500] ===
[2026-10-08 08:38:42] [INFO]: Iniciando secuencia de vinculación de módulos...
[2026-10-08 08:38:42] [INFO]: === INICIANDO DETALLE DE MAPEO DE ENTRADAS (ROUTER) ===
[2026-10-08 08:38:42] [SUCCESS]: Slot #001 -> Método: [POST  ] | Path: [/session/set-context]
[2026-10-08 08:38:42] [SUCCESS]: Slot #002 -> Método: [POST  ] | Path: [/session/logout]
[2026-10-08 08:38:42] [SUCCESS]: Slot #003 -> Método: [GET   ] | Path: [/]
[2026-10-08 08:38:42] [SUCCESS]: Slot #004 -> Método: [GET   ] | Path: [/password]
[2026-10-08 08:38:42] [SUCCESS]: Slot #005 -> Método: [POST  ] | Path: [/password]
[2026-10-08 08:38:42] [SUCCESS]: Slot #006 -> Método: [GET   ] | Path: [/users]
[2026-10-08 08:38:42] [SUCCESS]: Slot #007 -> Método: [GET   ] | Path: [/users/register]
[2026-10-08 08:38:42] [SUCCESS]: Slot #008 -> Método: [POST  ] | Path: [/users/register]
[2026-10-08 08:38:42] [SUCCESS]: Slot #009 -> Método: [GET   ] | Path: [/login]
[2026-10-08 08:38:42] [SUCCESS]: Slot #010 -> Método: [POST  ] | Path: [/users/get-user]
[2026-10-08 08:38:42] [SUCCESS]: Slot #011 -> Método: [POST  ] | Path: [/login]
[2026-10-08 08:38:42] [SUCCESS]: Slot #012 -> Método: [GET   ] | Path: [/users/list]
[2026-10-08 08:38:42] [SUCCESS]: Slot #013 -> Método: [POST  ] | Path: [/users/get-role]
[2026-10-08 08:38:42] [SUCCESS]: Slot #014 -> Método: [POST  ] | Path: [/users/update-role]
[2026-10-08 08:38:42] [SUCCESS]: Slot #015 -> Método: [POST  ] | Path: [/users/get-id]
[2026-10-08 08:38:42] [SUCCESS]: Slot #016 -> Método: [GET   ] | Path: [/roles/list]
[2026-10-08 08:38:42] [SUCCESS]: Slot #017 -> Método: [POST  ] | Path: [/roles/add]
[2026-10-08 08:38:42] [SUCCESS]: Slot #018 -> Método: [POST  ] | Path: [/roles/edit]
[2026-10-08 08:38:42] [SUCCESS]: Slot #019 -> Método: [POST  ] | Path: [/roles/get]
[2026-10-08 08:38:42] [SUCCESS]: Slot #020 -> Método: [GET   ] | Path: [/funciones_ejecutivas/list]
[2026-10-08 08:38:42] [SUCCESS]: Slot #021 -> Método: [POST  ] | Path: [/funciones_ejecutivas/add]
[2026-10-08 08:38:42] [SUCCESS]: Slot #022 -> Método: [POST  ] | Path: [/funciones_ejecutivas/edit]
[2026-10-08 08:38:42] [SUCCESS]: Slot #023 -> Método: [POST  ] | Path: [/funciones_ejecutivas/get]
[2026-10-08 08:38:42] [SUCCESS]: Slot #024 -> Método: [GET   ] | Path: [/adicional_grado/list]
[2026-10-08 08:38:42] [SUCCESS]: Slot #025 -> Método: [POST  ] | Path: [/adicional_grado/add]
[2026-10-08 08:38:42] [SUCCESS]: Slot #026 -> Método: [POST  ] | Path: [/adicional_grado/edit]
[2026-10-08 08:38:42] [SUCCESS]: Slot #027 -> Método: [POST  ] | Path: [/adicional_grado/get]
[2026-10-08 08:38:42] [SUCCESS]: Slot #028 -> Método: [GET   ] | Path: [/unidades_retributivas/list]
[2026-10-08 08:38:42] [SUCCESS]: Slot #029 -> Método: [POST  ] | Path: [/unidades_retributivas/add]
[2026-10-08 08:38:42] [SUCCESS]: Slot #030 -> Método: [POST  ] | Path: [/unidades_retributivas/edit]
[2026-10-08 08:38:42] [SUCCESS]: Slot #031 -> Método: [POST  ] | Path: [/unidades_retributivas/get]
[2026-10-08 08:38:42] [SUCCESS]: Slot #032 -> Método: [POST  ] | Path: [/session/set-context]
[2026-10-08 08:38:42] [SUCCESS]: Slot #033 -> Método: [POST  ] | Path: [/session/logout]
[2026-10-08 08:38:42] [INFO]: === TOTAL DE RUTAS MAPEADAS EN MEMORIA: [33/500] ===
[2026-10-08 08:41:01] [INFO]: Iniciando secuencia de vinculación de módulos...
[2026-10-08 08:41:01] [INFO]: === INICIANDO DETALLE DE MAPEO DE ENTRADAS (ROUTER) ===
[2026-10-08 08:41:01] [SUCCESS]: Slot #001 -> Método: [POST  ] | Path: [/session/set-context]
[2026-10-08 08:41:01] [SUCCESS]: Slot #002 -> Método: [POST  ] | Path: [/session/logout]
[2026-10-08 08:41:01] [SUCCESS]: Slot #003 -> Método: [GET   ] | Path: [/]
[2026-10-08 08:41:01] [SUCCESS]: Slot #004 -> Método: [GET   ] | Path: [/password]
[2026-10-08 08:41:01] [SUCCESS]: Slot #005 -> Método: [POST  ] | Path: [/password]
[2026-10-08 08:41:01] [SUCCESS]: Slot #006 -> Método: [GET   ] | Path: [/users]
[2026-10-08 08:41:01] [SUCCESS]: Slot #007 -> Método: [GET   ] | Path: [/users/register]
[2026-10-08 08:41:01] [SUCCESS]: Slot #008 -> Método: [POST  ] | Path: [/users/register]
[2026-10-08 08:41:01] [SUCCESS]: Slot #009 -> Método: [GET   ] | Path: [/login]
[2026-10-08 08:41:01] [SUCCESS]: Slot #010 -> Método: [POST  ] | Path: [/users/get-user]
[2026-10-08 08:41:01] [SUCCESS]: Slot #011 -> Método: [POST  ] | Path: [/login]
[2026-10-08 08:41:01] [SUCCESS]: Slot #012 -> Método: [GET   ] | Path: [/users/list]
[2026-10-08 08:41:01] [SUCCESS]: Slot #013 -> Método: [POST  ] | Path: [/users/get-role]
[2026-10-08 08:41:01] [SUCCESS]: Slot #014 -> Método: [POST  ] | Path: [/users/update-role]
[2026-10-08 08:41:01] [SUCCESS]: Slot #015 -> Método: [POST  ] | Path: [/users/get-id]
[2026-10-08 08:41:01] [SUCCESS]: Slot #016 -> Método: [GET   ] | Path: [/roles/list]
[2026-10-08 08:41:01] [SUCCESS]: Slot #017 -> Método: [POST  ] | Path: [/roles/add]
[2026-10-08 08:41:01] [SUCCESS]: Slot #018 -> Método: [POST  ] | Path: [/roles/edit]
[2026-10-08 08:41:01] [SUCCESS]: Slot #019 -> Método: [POST  ] | Path: [/roles/get]
[2026-10-08 08:41:01] [SUCCESS]: Slot #020 -> Método: [GET   ] | Path: [/funciones_ejecutivas/list]
[2026-10-08 08:41:01] [SUCCESS]: Slot #021 -> Método: [POST  ] | Path: [/funciones_ejecutivas/add]
[2026-10-08 08:41:01] [SUCCESS]: Slot #022 -> Método: [POST  ] | Path: [/funciones_ejecutivas/edit]
[2026-10-08 08:41:01] [SUCCESS]: Slot #023 -> Método: [POST  ] | Path: [/funciones_ejecutivas/get]
[2026-10-08 08:41:01] [SUCCESS]: Slot #024 -> Método: [GET   ] | Path: [/adicional_grado/list]
[2026-10-08 08:41:01] [SUCCESS]: Slot #025 -> Método: [POST  ] | Path: [/adicional_grado/add]
[2026-10-08 08:41:01] [SUCCESS]: Slot #026 -> Método: [POST  ] | Path: [/adicional_grado/edit]
[2026-10-08 08:41:01] [SUCCESS]: Slot #027 -> Método: [POST  ] | Path: [/adicional_grado/get]
[2026-10-08 08:41:01] [SUCCESS]: Slot #028 -> Método: [GET   ] | Path: [/unidades_retributivas/list]
[2026-10-08 08:41:01] [SUCCESS]: Slot #029 -> Método: [POST  ] | Path: [/unidades_retributivas/add]
[2026-10-08 08:41:01] [SUCCESS]: Slot #030 -> Método: [POST  ] | Path: [/unidades_retributivas/edit]
[2026-10-08 08:41:01] [SUCCESS]: Slot #031 -> Método: [POST  ] | Path: [/unidades_retributivas/get]
[2026-10-08 08:41:01] [SUCCESS]: Slot #032 -> Método: [POST  ] | Path: [/session/set-context]
[2026-10-08 08:41:01] [SUCCESS]: Slot #033 -> Método: [POST  ] | Path: [/session/logout]
[2026-10-08 08:41:01] [INFO]: === TOTAL DE RUTAS MAPEADAS EN MEMORIA: [33/500] ===
[2026-10-08 08:47:23] [INFO]: Iniciando secuencia de vinculación de módulos...
[2026-10-08 08:47:23] [INFO]: === INICIANDO DETALLE DE MAPEO DE ENTRADAS (ROUTER) ===
[2026-10-08 08:47:23] [SUCCESS]: Slot #001 -> Método: [POST  ] | Path: [/session/set-context]
[2026-10-08 08:47:23] [SUCCESS]: Slot #002 -> Método: [POST  ] | Path: [/session/logout]
[2026-10-08 08:47:23] [SUCCESS]: Slot #003 -> Método: [GET   ] | Path: [/]
[2026-10-08 08:47:23] [SUCCESS]: Slot #004 -> Método: [GET   ] | Path: [/password]
[2026-10-08 08:47:23] [SUCCESS]: Slot #005 -> Método: [POST  ] | Path: [/password]
[2026-10-08 08:47:23] [SUCCESS]: Slot #006 -> Método: [GET   ] | Path: [/users]
[2026-10-08 08:47:23] [SUCCESS]: Slot #007 -> Método: [GET   ] | Path: [/users/register]
[2026-10-08 08:47:23] [SUCCESS]: Slot #008 -> Método: [POST  ] | Path: [/users/register]
[2026-10-08 08:47:23] [SUCCESS]: Slot #009 -> Método: [GET   ] | Path: [/login]
[2026-10-08 08:47:23] [SUCCESS]: Slot #010 -> Método: [POST  ] | Path: [/users/get-user]
[2026-10-08 08:47:23] [SUCCESS]: Slot #011 -> Método: [POST  ] | Path: [/login]
[2026-10-08 08:47:23] [SUCCESS]: Slot #012 -> Método: [GET   ] | Path: [/users/list]
[2026-10-08 08:47:23] [SUCCESS]: Slot #013 -> Método: [POST  ] | Path: [/users/get-role]
[2026-10-08 08:47:23] [SUCCESS]: Slot #014 -> Método: [POST  ] | Path: [/users/update-role]
[2026-10-08 08:47:23] [SUCCESS]: Slot #015 -> Método: [POST  ] | Path: [/users/get-id]
[2026-10-08 08:47:23] [SUCCESS]: Slot #016 -> Método: [GET   ] | Path: [/roles/list]
[2026-10-08 08:47:23] [SUCCESS]: Slot #017 -> Método: [POST  ] | Path: [/roles/add]
[2026-10-08 08:47:23] [SUCCESS]: Slot #018 -> Método: [POST  ] | Path: [/roles/edit]
[2026-10-08 08:47:23] [SUCCESS]: Slot #019 -> Método: [POST  ] | Path: [/roles/get]
[2026-10-08 08:47:23] [SUCCESS]: Slot #020 -> Método: [GET   ] | Path: [/funciones_ejecutivas/list]
[2026-10-08 08:47:23] [SUCCESS]: Slot #021 -> Método: [POST  ] | Path: [/funciones_ejecutivas/add]
[2026-10-08 08:47:23] [SUCCESS]: Slot #022 -> Método: [POST  ] | Path: [/funciones_ejecutivas/edit]
[2026-10-08 08:47:23] [SUCCESS]: Slot #023 -> Método: [POST  ] | Path: [/funciones_ejecutivas/get]
[2026-10-08 08:47:23] [SUCCESS]: Slot #024 -> Método: [GET   ] | Path: [/adicional_grado/list]
[2026-10-08 08:47:23] [SUCCESS]: Slot #025 -> Método: [POST  ] | Path: [/adicional_grado/add]
[2026-10-08 08:47:23] [SUCCESS]: Slot #026 -> Método: [POST  ] | Path: [/adicional_grado/edit]
[2026-10-08 08:47:23] [SUCCESS]: Slot #027 -> Método: [POST  ] | Path: [/adicional_grado/get]
[2026-10-08 08:47:23] [SUCCESS]: Slot #028 -> Método: [GET   ] | Path: [/unidades_retributivas/list]
[2026-10-08 08:47:23] [SUCCESS]: Slot #029 -> Método: [POST  ] | Path: [/unidades_retributivas/add]
[2026-10-08 08:47:23] [SUCCESS]: Slot #030 -> Método: [POST  ] | Path: [/unidades_retributivas/edit]
[2026-10-08 08:47:23] [SUCCESS]: Slot #031 -> Método: [POST  ] | Path: [/unidades_retributivas/get]
[2026-10-08 08:47:23] [SUCCESS]: Slot #032 -> Método: [POST  ] | Path: [/session/set-context]
[2026-10-08 08:47:23] [SUCCESS]: Slot #033 -> Método: [POST  ] | Path: [/session/logout]
[2026-10-08 08:47:23] [INFO]: === TOTAL DE RUTAS MAPEADAS EN MEMORIA: [33/500] ===
[2026-10-08 10:01:01] [INFO]: Iniciando secuencia de vinculación de módulos...
[2026-10-08 10:01:01] [INFO]: === INICIANDO DETALLE DE MAPEO DE ENTRADAS (ROUTER) ===
[2026-10-08 10:01:01] [SUCCESS]: Slot #001 -> Método: [POST  ] | Path: [/session/set-context]
[2026-10-08 10:01:01] [SUCCESS]: Slot #002 -> Método: [POST  ] | Path: [/session/logout]
[2026-10-08 10:01:01] [SUCCESS]: Slot #003 -> Método: [GET   ] | Path: [/]
[2026-10-08 10:01:01] [SUCCESS]: Slot #004 -> Método: [GET   ] | Path: [/password]
[2026-10-08 10:01:01] [SUCCESS]: Slot #005 -> Método: [POST  ] | Path: [/password]
[2026-10-08 10:01:01] [SUCCESS]: Slot #006 -> Método: [GET   ] | Path: [/users]
[2026-10-08 10:01:01] [SUCCESS]: Slot #007 -> Método: [GET   ] | Path: [/users/register]
[2026-10-08 10:01:01] [SUCCESS]: Slot #008 -> Método: [POST  ] | Path: [/users/register]
[2026-10-08 10:01:01] [SUCCESS]: Slot #009 -> Método: [GET   ] | Path: [/login]
[2026-10-08 10:01:01] [SUCCESS]: Slot #010 -> Método: [POST  ] | Path: [/users/get-user]
[2026-10-08 10:01:01] [SUCCESS]: Slot #011 -> Método: [POST  ] | Path: [/login]
[2026-10-08 10:01:01] [SUCCESS]: Slot #012 -> Método: [GET   ] | Path: [/users/list]
[2026-10-08 10:01:01] [SUCCESS]: Slot #013 -> Método: [POST  ] | Path: [/users/get-role]
[2026-10-08 10:01:01] [SUCCESS]: Slot #014 -> Método: [POST  ] | Path: [/users/update-role]
[2026-10-08 10:01:01] [SUCCESS]: Slot #015 -> Método: [POST  ] | Path: [/users/get-id]
[2026-10-08 10:01:01] [SUCCESS]: Slot #016 -> Método: [GET   ] | Path: [/roles/list]
[2026-10-08 10:01:01] [SUCCESS]: Slot #017 -> Método: [POST  ] | Path: [/roles/add]
[2026-10-08 10:01:01] [SUCCESS]: Slot #018 -> Método: [POST  ] | Path: [/roles/edit]
[2026-10-08 10:01:01] [SUCCESS]: Slot #019 -> Método: [POST  ] | Path: [/roles/get]
[2026-10-08 10:01:01] [SUCCESS]: Slot #020 -> Método: [GET   ] | Path: [/funciones_ejecutivas/list]
[2026-10-08 10:01:01] [SUCCESS]: Slot #021 -> Método: [POST  ] | Path: [/funciones_ejecutivas/add]
[2026-10-08 10:01:01] [SUCCESS]: Slot #022 -> Método: [POST  ] | Path: [/funciones_ejecutivas/edit]
[2026-10-08 10:01:01] [SUCCESS]: Slot #023 -> Método: [POST  ] | Path: [/funciones_ejecutivas/get]
[2026-10-08 10:01:01] [SUCCESS]: Slot #024 -> Método: [GET   ] | Path: [/adicional_grado/list]
[2026-10-08 10:01:01] [SUCCESS]: Slot #025 -> Método: [POST  ] | Path: [/adicional_grado/add]
[2026-10-08 10:01:01] [SUCCESS]: Slot #026 -> Método: [POST  ] | Path: [/adicional_grado/edit]
[2026-10-08 10:01:01] [SUCCESS]: Slot #027 -> Método: [POST  ] | Path: [/adicional_grado/get]
[2026-10-08 10:01:01] [SUCCESS]: Slot #028 -> Método: [GET   ] | Path: [/unidades_retributivas/list]
[2026-10-08 10:01:01] [SUCCESS]: Slot #029 -> Método: [POST  ] | Path: [/unidades_retributivas/add]
[2026-10-08 10:01:01] [SUCCESS]: Slot #030 -> Método: [POST  ] | Path: [/unidades_retributivas/edit]
[2026-10-08 10:01:01] [SUCCESS]: Slot #031 -> Método: [POST  ] | Path: [/unidades_retributivas/get]
[2026-10-08 10:01:01] [SUCCESS]: Slot #032 -> Método: [GET   ] | Path: [/tipo_organismo/list]
[2026-10-08 10:01:01] [SUCCESS]: Slot #033 -> Método: [POST  ] | Path: [/tipo_organismo/add]
[2026-10-08 10:01:01] [SUCCESS]: Slot #034 -> Método: [POST  ] | Path: [/tipo_organismo/edit]
[2026-10-08 10:01:01] [SUCCESS]: Slot #035 -> Método: [POST  ] | Path: [/tipo_organismo/get]
[2026-10-08 10:01:01] [SUCCESS]: Slot #036 -> Método: [POST  ] | Path: [/session/set-context]
[2026-10-08 10:01:01] [SUCCESS]: Slot #037 -> Método: [POST  ] | Path: [/session/logout]
[2026-10-08 10:01:01] [INFO]: === TOTAL DE RUTAS MAPEADAS EN MEMORIA: [37/500] ===
[2026-10-08 10:10:29] [INFO]: Iniciando secuencia de vinculación de módulos...
[2026-10-08 10:10:29] [INFO]: === INICIANDO DETALLE DE MAPEO DE ENTRADAS (ROUTER) ===
[2026-10-08 10:10:29] [SUCCESS]: Slot #001 -> Método: [POST  ] | Path: [/session/set-context]
[2026-10-08 10:10:29] [SUCCESS]: Slot #002 -> Método: [POST  ] | Path: [/session/logout]
[2026-10-08 10:10:29] [SUCCESS]: Slot #003 -> Método: [GET   ] | Path: [/]
[2026-10-08 10:10:29] [SUCCESS]: Slot #004 -> Método: [GET   ] | Path: [/password]
[2026-10-08 10:10:29] [SUCCESS]: Slot #005 -> Método: [POST  ] | Path: [/password]
[2026-10-08 10:10:29] [SUCCESS]: Slot #006 -> Método: [GET   ] | Path: [/users]
[2026-10-08 10:10:29] [SUCCESS]: Slot #007 -> Método: [GET   ] | Path: [/users/register]
[2026-10-08 10:10:29] [SUCCESS]: Slot #008 -> Método: [POST  ] | Path: [/users/register]
[2026-10-08 10:10:29] [SUCCESS]: Slot #009 -> Método: [GET   ] | Path: [/login]
[2026-10-08 10:10:29] [SUCCESS]: Slot #010 -> Método: [POST  ] | Path: [/users/get-user]
[2026-10-08 10:10:29] [SUCCESS]: Slot #011 -> Método: [POST  ] | Path: [/login]
[2026-10-08 10:10:29] [SUCCESS]: Slot #012 -> Método: [GET   ] | Path: [/users/list]
[2026-10-08 10:10:29] [SUCCESS]: Slot #013 -> Método: [POST  ] | Path: [/users/get-role]
[2026-10-08 10:10:29] [SUCCESS]: Slot #014 -> Método: [POST  ] | Path: [/users/update-role]
[2026-10-08 10:10:29] [SUCCESS]: Slot #015 -> Método: [POST  ] | Path: [/users/get-id]
[2026-10-08 10:10:29] [SUCCESS]: Slot #016 -> Método: [GET   ] | Path: [/roles/list]
[2026-10-08 10:10:29] [SUCCESS]: Slot #017 -> Método: [POST  ] | Path: [/roles/add]
[2026-10-08 10:10:29] [SUCCESS]: Slot #018 -> Método: [POST  ] | Path: [/roles/edit]
[2026-10-08 10:10:29] [SUCCESS]: Slot #019 -> Método: [POST  ] | Path: [/roles/get]
[2026-10-08 10:10:29] [SUCCESS]: Slot #020 -> Método: [GET   ] | Path: [/funciones_ejecutivas/list]
[2026-10-08 10:10:29] [SUCCESS]: Slot #021 -> Método: [POST  ] | Path: [/funciones_ejecutivas/add]
[2026-10-08 10:10:29] [SUCCESS]: Slot #022 -> Método: [POST  ] | Path: [/funciones_ejecutivas/edit]
[2026-10-08 10:10:29] [SUCCESS]: Slot #023 -> Método: [POST  ] | Path: [/funciones_ejecutivas/get]
[2026-10-08 10:10:29] [SUCCESS]: Slot #024 -> Método: [GET   ] | Path: [/adicional_grado/list]
[2026-10-08 10:10:29] [SUCCESS]: Slot #025 -> Método: [POST  ] | Path: [/adicional_grado/add]
[2026-10-08 10:10:29] [SUCCESS]: Slot #026 -> Método: [POST  ] | Path: [/adicional_grado/edit]
[2026-10-08 10:10:29] [SUCCESS]: Slot #027 -> Método: [POST  ] | Path: [/adicional_grado/get]
[2026-10-08 10:10:29] [SUCCESS]: Slot #028 -> Método: [GET   ] | Path: [/unidades_retributivas/list]
[2026-10-08 10:10:29] [SUCCESS]: Slot #029 -> Método: [POST  ] | Path: [/unidades_retributivas/add]
[2026-10-08 10:10:29] [SUCCESS]: Slot #030 -> Método: [POST  ] | Path: [/unidades_retributivas/edit]
[2026-10-08 10:10:29] [SUCCESS]: Slot #031 -> Método: [POST  ] | Path: [/unidades_retributivas/get]
[2026-10-08 10:10:29] [SUCCESS]: Slot #032 -> Método: [GET   ] | Path: [/tipo_organismo/list]
[2026-10-08 10:10:29] [SUCCESS]: Slot #033 -> Método: [POST  ] | Path: [/tipo_organismo/add]
[2026-10-08 10:10:29] [SUCCESS]: Slot #034 -> Método: [POST  ] | Path: [/tipo_organismo/edit]
[2026-10-08 10:10:29] [SUCCESS]: Slot #035 -> Método: [POST  ] | Path: [/tipo_organismo/get]
[2026-10-08 10:10:29] [SUCCESS]: Slot #036 -> Método: [POST  ] | Path: [/session/set-context]
[2026-10-08 10:10:29] [SUCCESS]: Slot #037 -> Método: [POST  ] | Path: [/session/logout]
[2026-10-08 10:10:29] [INFO]: === TOTAL DE RUTAS MAPEADAS EN MEMORIA: [37/500] ===
[2026-10-08 10:33:38] [INFO]: Iniciando secuencia de vinculación de módulos...
[2026-10-08 10:33:38] [INFO]: === INICIANDO DETALLE DE MAPEO DE ENTRADAS (ROUTER) ===
[2026-10-08 10:33:38] [SUCCESS]: Slot #001 -> Método: [POST  ] | Path: [/session/set-context]
[2026-10-08 10:33:38] [SUCCESS]: Slot #002 -> Método: [POST  ] | Path: [/session/logout]
[2026-10-08 10:33:38] [SUCCESS]: Slot #003 -> Método: [GET   ] | Path: [/]
[2026-10-08 10:33:38] [SUCCESS]: Slot #004 -> Método: [GET   ] | Path: [/password]
[2026-10-08 10:33:38] [SUCCESS]: Slot #005 -> Método: [POST  ] | Path: [/password]
[2026-10-08 10:33:38] [SUCCESS]: Slot #006 -> Método: [GET   ] | Path: [/users]
[2026-10-08 10:33:38] [SUCCESS]: Slot #007 -> Método: [GET   ] | Path: [/users/register]
[2026-10-08 10:33:38] [SUCCESS]: Slot #008 -> Método: [POST  ] | Path: [/users/register]
[2026-10-08 10:33:38] [SUCCESS]: Slot #009 -> Método: [GET   ] | Path: [/login]
[2026-10-08 10:33:38] [SUCCESS]: Slot #010 -> Método: [POST  ] | Path: [/users/get-user]
[2026-10-08 10:33:38] [SUCCESS]: Slot #011 -> Método: [POST  ] | Path: [/login]
[2026-10-08 10:33:38] [SUCCESS]: Slot #012 -> Método: [GET   ] | Path: [/users/list]
[2026-10-08 10:33:38] [SUCCESS]: Slot #013 -> Método: [POST  ] | Path: [/users/get-role]
[2026-10-08 10:33:38] [SUCCESS]: Slot #014 -> Método: [POST  ] | Path: [/users/update-role]
[2026-10-08 10:33:38] [SUCCESS]: Slot #015 -> Método: [POST  ] | Path: [/users/get-id]
[2026-10-08 10:33:38] [SUCCESS]: Slot #016 -> Método: [GET   ] | Path: [/roles/list]
[2026-10-08 10:33:38] [SUCCESS]: Slot #017 -> Método: [POST  ] | Path: [/roles/add]
[2026-10-08 10:33:38] [SUCCESS]: Slot #018 -> Método: [POST  ] | Path: [/roles/edit]
[2026-10-08 10:33:38] [SUCCESS]: Slot #019 -> Método: [POST  ] | Path: [/roles/get]
[2026-10-08 10:33:38] [SUCCESS]: Slot #020 -> Método: [GET   ] | Path: [/funciones_ejecutivas/list]
[2026-10-08 10:33:38] [SUCCESS]: Slot #021 -> Método: [POST  ] | Path: [/funciones_ejecutivas/add]
[2026-10-08 10:33:38] [SUCCESS]: Slot #022 -> Método: [POST  ] | Path: [/funciones_ejecutivas/edit]
[2026-10-08 10:33:38] [SUCCESS]: Slot #023 -> Método: [POST  ] | Path: [/funciones_ejecutivas/get]
[2026-10-08 10:33:38] [SUCCESS]: Slot #024 -> Método: [GET   ] | Path: [/adicional_grado/list]
[2026-10-08 10:33:38] [SUCCESS]: Slot #025 -> Método: [POST  ] | Path: [/adicional_grado/add]
[2026-10-08 10:33:38] [SUCCESS]: Slot #026 -> Método: [POST  ] | Path: [/adicional_grado/edit]
[2026-10-08 10:33:38] [SUCCESS]: Slot #027 -> Método: [POST  ] | Path: [/adicional_grado/get]
[2026-10-08 10:33:38] [SUCCESS]: Slot #028 -> Método: [GET   ] | Path: [/unidades_retributivas/list]
[2026-10-08 10:33:38] [SUCCESS]: Slot #029 -> Método: [POST  ] | Path: [/unidades_retributivas/add]
[2026-10-08 10:33:38] [SUCCESS]: Slot #030 -> Método: [POST  ] | Path: [/unidades_retributivas/edit]
[2026-10-08 10:33:38] [SUCCESS]: Slot #031 -> Método: [POST  ] | Path: [/unidades_retributivas/get]
[2026-10-08 10:33:38] [SUCCESS]: Slot #032 -> Método: [GET   ] | Path: [/tipo_organismo/list]
[2026-10-08 10:33:38] [SUCCESS]: Slot #033 -> Método: [POST  ] | Path: [/tipo_organismo/add]
[2026-10-08 10:33:38] [SUCCESS]: Slot #034 -> Método: [POST  ] | Path: [/tipo_organismo/edit]
[2026-10-08 10:33:38] [SUCCESS]: Slot #035 -> Método: [POST  ] | Path: [/tipo_organismo/get]
[2026-10-08 10:33:38] [SUCCESS]: Slot #036 -> Método: [POST  ] | Path: [/session/set-context]
[2026-10-08 10:33:38] [SUCCESS]: Slot #037 -> Método: [POST  ] | Path: [/session/logout]
[2026-10-08 10:33:38] [INFO]: === TOTAL DE RUTAS MAPEADAS EN MEMORIA: [37/500] ===
[2026-10-08 10:35:09] [INFO]: Iniciando secuencia de vinculación de módulos...
[2026-10-08 10:35:09] [INFO]: === INICIANDO DETALLE DE MAPEO DE ENTRADAS (ROUTER) ===
[2026-10-08 10:35:09] [SUCCESS]: Slot #001 -> Método: [POST  ] | Path: [/session/set-context]
[2026-10-08 10:35:09] [SUCCESS]: Slot #002 -> Método: [POST  ] | Path: [/session/logout]
[2026-10-08 10:35:09] [SUCCESS]: Slot #003 -> Método: [GET   ] | Path: [/]
[2026-10-08 10:35:09] [SUCCESS]: Slot #004 -> Método: [GET   ] | Path: [/password]
[2026-10-08 10:35:09] [SUCCESS]: Slot #005 -> Método: [POST  ] | Path: [/password]
[2026-10-08 10:35:09] [SUCCESS]: Slot #006 -> Método: [GET   ] | Path: [/users]
[2026-10-08 10:35:09] [SUCCESS]: Slot #007 -> Método: [GET   ] | Path: [/users/register]
[2026-10-08 10:35:09] [SUCCESS]: Slot #008 -> Método: [POST  ] | Path: [/users/register]
[2026-10-08 10:35:09] [SUCCESS]: Slot #009 -> Método: [GET   ] | Path: [/login]
[2026-10-08 10:35:09] [SUCCESS]: Slot #010 -> Método: [POST  ] | Path: [/users/get-user]
[2026-10-08 10:35:09] [SUCCESS]: Slot #011 -> Método: [POST  ] | Path: [/login]
[2026-10-08 10:35:09] [SUCCESS]: Slot #012 -> Método: [GET   ] | Path: [/users/list]
[2026-10-08 10:35:09] [SUCCESS]: Slot #013 -> Método: [POST  ] | Path: [/users/get-role]
[2026-10-08 10:35:09] [SUCCESS]: Slot #014 -> Método: [POST  ] | Path: [/users/update-role]
[2026-10-08 10:35:09] [SUCCESS]: Slot #015 -> Método: [POST  ] | Path: [/users/get-id]
[2026-10-08 10:35:09] [SUCCESS]: Slot #016 -> Método: [GET   ] | Path: [/roles/list]
[2026-10-08 10:35:09] [SUCCESS]: Slot #017 -> Método: [POST  ] | Path: [/roles/add]
[2026-10-08 10:35:09] [SUCCESS]: Slot #018 -> Método: [POST  ] | Path: [/roles/edit]
[2026-10-08 10:35:09] [SUCCESS]: Slot #019 -> Método: [POST  ] | Path: [/roles/get]
[2026-10-08 10:35:09] [SUCCESS]: Slot #020 -> Método: [GET   ] | Path: [/funciones_ejecutivas/list]
[2026-10-08 10:35:09] [SUCCESS]: Slot #021 -> Método: [POST  ] | Path: [/funciones_ejecutivas/add]
[2026-10-08 10:35:09] [SUCCESS]: Slot #022 -> Método: [POST  ] | Path: [/funciones_ejecutivas/edit]
[2026-10-08 10:35:09] [SUCCESS]: Slot #023 -> Método: [POST  ] | Path: [/funciones_ejecutivas/get]
[2026-10-08 10:35:09] [SUCCESS]: Slot #024 -> Método: [GET   ] | Path: [/adicional_grado/list]
[2026-10-08 10:35:09] [SUCCESS]: Slot #025 -> Método: [POST  ] | Path: [/adicional_grado/add]
[2026-10-08 10:35:09] [SUCCESS]: Slot #026 -> Método: [POST  ] | Path: [/adicional_grado/edit]
[2026-10-08 10:35:09] [SUCCESS]: Slot #027 -> Método: [POST  ] | Path: [/adicional_grado/get]
[2026-10-08 10:35:09] [SUCCESS]: Slot #028 -> Método: [GET   ] | Path: [/unidades_retributivas/list]
[2026-10-08 10:35:09] [SUCCESS]: Slot #029 -> Método: [POST  ] | Path: [/unidades_retributivas/add]
[2026-10-08 10:35:09] [SUCCESS]: Slot #030 -> Método: [POST  ] | Path: [/unidades_retributivas/edit]
[2026-10-08 10:35:09] [SUCCESS]: Slot #031 -> Método: [POST  ] | Path: [/unidades_retributivas/get]
[2026-10-08 10:35:09] [SUCCESS]: Slot #032 -> Método: [GET   ] | Path: [/tipo_organismo/list]
[2026-10-08 10:35:09] [SUCCESS]: Slot #033 -> Método: [POST  ] | Path: [/tipo_organismo/add]
[2026-10-08 10:35:09] [SUCCESS]: Slot #034 -> Método: [POST  ] | Path: [/tipo_organismo/edit]
[2026-10-08 10:35:09] [SUCCESS]: Slot #035 -> Método: [POST  ] | Path: [/tipo_organismo/get]
[2026-10-08 10:35:09] [SUCCESS]: Slot #036 -> Método: [POST  ] | Path: [/session/set-context]
[2026-10-08 10:35:09] [SUCCESS]: Slot #037 -> Método: [POST  ] | Path: [/session/logout]
[2026-10-08 10:35:09] [INFO]: === TOTAL DE RUTAS MAPEADAS EN MEMORIA: [37/500] ===
[2026-10-08 11:33:12] [INFO]: Iniciando secuencia de vinculación de módulos...
[2026-10-08 11:33:12] [INFO]: === INICIANDO DETALLE DE MAPEO DE ENTRADAS (ROUTER) ===
[2026-10-08 11:33:12] [SUCCESS]: Slot #001 -> Método: [POST  ] | Path: [/session/set-context]
[2026-10-08 11:33:12] [SUCCESS]: Slot #002 -> Método: [POST  ] | Path: [/session/logout]
[2026-10-08 11:33:12] [SUCCESS]: Slot #003 -> Método: [GET   ] | Path: [/]
[2026-10-08 11:33:12] [SUCCESS]: Slot #004 -> Método: [GET   ] | Path: [/password]
[2026-10-08 11:33:12] [SUCCESS]: Slot #005 -> Método: [POST  ] | Path: [/password]
[2026-10-08 11:33:12] [SUCCESS]: Slot #006 -> Método: [GET   ] | Path: [/users]
[2026-10-08 11:33:12] [SUCCESS]: Slot #007 -> Método: [GET   ] | Path: [/users/register]
[2026-10-08 11:33:12] [SUCCESS]: Slot #008 -> Método: [POST  ] | Path: [/users/register]
[2026-10-08 11:33:12] [SUCCESS]: Slot #009 -> Método: [GET   ] | Path: [/login]
[2026-10-08 11:33:12] [SUCCESS]: Slot #010 -> Método: [POST  ] | Path: [/users/get-user]
[2026-10-08 11:33:12] [SUCCESS]: Slot #011 -> Método: [POST  ] | Path: [/login]
[2026-10-08 11:33:12] [SUCCESS]: Slot #012 -> Método: [GET   ] | Path: [/users/list]
[2026-10-08 11:33:12] [SUCCESS]: Slot #013 -> Método: [POST  ] | Path: [/users/get-role]
[2026-10-08 11:33:12] [SUCCESS]: Slot #014 -> Método: [POST  ] | Path: [/users/update-role]
[2026-10-08 11:33:12] [SUCCESS]: Slot #015 -> Método: [POST  ] | Path: [/users/get-id]
[2026-10-08 11:33:12] [SUCCESS]: Slot #016 -> Método: [GET   ] | Path: [/roles/list]
[2026-10-08 11:33:12] [SUCCESS]: Slot #017 -> Método: [POST  ] | Path: [/roles/add]
[2026-10-08 11:33:12] [SUCCESS]: Slot #018 -> Método: [POST  ] | Path: [/roles/edit]
[2026-10-08 11:33:12] [SUCCESS]: Slot #019 -> Método: [POST  ] | Path: [/roles/get]
[2026-10-08 11:33:12] [SUCCESS]: Slot #020 -> Método: [GET   ] | Path: [/funciones_ejecutivas/list]
[2026-10-08 11:33:12] [SUCCESS]: Slot #021 -> Método: [POST  ] | Path: [/funciones_ejecutivas/add]
[2026-10-08 11:33:12] [SUCCESS]: Slot #022 -> Método: [POST  ] | Path: [/funciones_ejecutivas/edit]
[2026-10-08 11:33:12] [SUCCESS]: Slot #023 -> Método: [POST  ] | Path: [/funciones_ejecutivas/get]
[2026-10-08 11:33:12] [SUCCESS]: Slot #024 -> Método: [GET   ] | Path: [/adicional_grado/list]
[2026-10-08 11:33:12] [SUCCESS]: Slot #025 -> Método: [POST  ] | Path: [/adicional_grado/add]
[2026-10-08 11:33:12] [SUCCESS]: Slot #026 -> Método: [POST  ] | Path: [/adicional_grado/edit]
[2026-10-08 11:33:12] [SUCCESS]: Slot #027 -> Método: [POST  ] | Path: [/adicional_grado/get]
[2026-10-08 11:33:12] [SUCCESS]: Slot #028 -> Método: [GET   ] | Path: [/unidades_retributivas/list]
[2026-10-08 11:33:12] [SUCCESS]: Slot #029 -> Método: [POST  ] | Path: [/unidades_retributivas/add]
[2026-10-08 11:33:12] [SUCCESS]: Slot #030 -> Método: [POST  ] | Path: [/unidades_retributivas/edit]
[2026-10-08 11:33:12] [SUCCESS]: Slot #031 -> Método: [POST  ] | Path: [/unidades_retributivas/get]
[2026-10-08 11:33:12] [SUCCESS]: Slot #032 -> Método: [GET   ] | Path: [/tipo_organismo/list]
[2026-10-08 11:33:12] [SUCCESS]: Slot #033 -> Método: [POST  ] | Path: [/tipo_organismo/add]
[2026-10-08 11:33:12] [SUCCESS]: Slot #034 -> Método: [POST  ] | Path: [/tipo_organismo/edit]
[2026-10-08 11:33:12] [SUCCESS]: Slot #035 -> Método: [POST  ] | Path: [/tipo_organismo/get]
[2026-10-08 11:33:12] [SUCCESS]: Slot #036 -> Método: [GET   ] | Path: [/tipo_norma/list]
[2026-10-08 11:33:12] [SUCCESS]: Slot #037 -> Método: [POST  ] | Path: [/tipo_norma/add]
[2026-10-08 11:33:12] [SUCCESS]: Slot #038 -> Método: [POST  ] | Path: [/tipo_norma/edit]
[2026-10-08 11:33:12] [SUCCESS]: Slot #039 -> Método: [POST  ] | Path: [/tipo_norma/get]
[2026-10-08 11:33:12] [SUCCESS]: Slot #040 -> Método: [POST  ] | Path: [/session/set-context]
[2026-10-08 11:33:12] [SUCCESS]: Slot #041 -> Método: [POST  ] | Path: [/session/logout]
[2026-10-08 11:33:12] [INFO]: === TOTAL DE RUTAS MAPEADAS EN MEMORIA: [41/500] ===
[2026-10-08 13:46:23] [INFO]: Iniciando secuencia de vinculación de módulos...
[2026-10-08 13:46:23] [INFO]: === INICIANDO DETALLE DE MAPEO DE ENTRADAS (ROUTER) ===
[2026-10-08 13:46:23] [SUCCESS]: Slot #001 -> Método: [POST  ] | Path: [/session/set-context]
[2026-10-08 13:46:23] [SUCCESS]: Slot #002 -> Método: [POST  ] | Path: [/session/logout]
[2026-10-08 13:46:23] [SUCCESS]: Slot #003 -> Método: [GET   ] | Path: [/]
[2026-10-08 13:46:23] [SUCCESS]: Slot #004 -> Método: [GET   ] | Path: [/password]
[2026-10-08 13:46:23] [SUCCESS]: Slot #005 -> Método: [POST  ] | Path: [/password]
[2026-10-08 13:46:23] [SUCCESS]: Slot #006 -> Método: [GET   ] | Path: [/users]
[2026-10-08 13:46:23] [SUCCESS]: Slot #007 -> Método: [GET   ] | Path: [/users/register]
[2026-10-08 13:46:23] [SUCCESS]: Slot #008 -> Método: [POST  ] | Path: [/users/register]
[2026-10-08 13:46:23] [SUCCESS]: Slot #009 -> Método: [GET   ] | Path: [/login]
[2026-10-08 13:46:23] [SUCCESS]: Slot #010 -> Método: [POST  ] | Path: [/users/get-user]
[2026-10-08 13:46:23] [SUCCESS]: Slot #011 -> Método: [POST  ] | Path: [/login]
[2026-10-08 13:46:23] [SUCCESS]: Slot #012 -> Método: [GET   ] | Path: [/users/list]
[2026-10-08 13:46:23] [SUCCESS]: Slot #013 -> Método: [POST  ] | Path: [/users/get-role]
[2026-10-08 13:46:23] [SUCCESS]: Slot #014 -> Método: [POST  ] | Path: [/users/update-role]
[2026-10-08 13:46:23] [SUCCESS]: Slot #015 -> Método: [POST  ] | Path: [/users/get-id]
[2026-10-08 13:46:23] [SUCCESS]: Slot #016 -> Método: [GET   ] | Path: [/roles/list]
[2026-10-08 13:46:23] [SUCCESS]: Slot #017 -> Método: [POST  ] | Path: [/roles/add]
[2026-10-08 13:46:23] [SUCCESS]: Slot #018 -> Método: [POST  ] | Path: [/roles/edit]
[2026-10-08 13:46:23] [SUCCESS]: Slot #019 -> Método: [POST  ] | Path: [/roles/get]
[2026-10-08 13:46:23] [SUCCESS]: Slot #020 -> Método: [GET   ] | Path: [/funciones_ejecutivas/list]
[2026-10-08 13:46:23] [SUCCESS]: Slot #021 -> Método: [POST  ] | Path: [/funciones_ejecutivas/add]
[2026-10-08 13:46:23] [SUCCESS]: Slot #022 -> Método: [POST  ] | Path: [/funciones_ejecutivas/edit]
[2026-10-08 13:46:23] [SUCCESS]: Slot #023 -> Método: [POST  ] | Path: [/funciones_ejecutivas/get]
[2026-10-08 13:46:23] [SUCCESS]: Slot #024 -> Método: [GET   ] | Path: [/adicional_grado/list]
[2026-10-08 13:46:23] [SUCCESS]: Slot #025 -> Método: [POST  ] | Path: [/adicional_grado/add]
[2026-10-08 13:46:23] [SUCCESS]: Slot #026 -> Método: [POST  ] | Path: [/adicional_grado/edit]
[2026-10-08 13:46:23] [SUCCESS]: Slot #027 -> Método: [POST  ] | Path: [/adicional_grado/get]
[2026-10-08 13:46:23] [SUCCESS]: Slot #028 -> Método: [GET   ] | Path: [/unidades_retributivas/list]
[2026-10-08 13:46:23] [SUCCESS]: Slot #029 -> Método: [POST  ] | Path: [/unidades_retributivas/add]
[2026-10-08 13:46:23] [SUCCESS]: Slot #030 -> Método: [POST  ] | Path: [/unidades_retributivas/edit]
[2026-10-08 13:46:23] [SUCCESS]: Slot #031 -> Método: [POST  ] | Path: [/unidades_retributivas/get]
[2026-10-08 13:46:23] [SUCCESS]: Slot #032 -> Método: [GET   ] | Path: [/tipo_organismo/list]
[2026-10-08 13:46:23] [SUCCESS]: Slot #033 -> Método: [POST  ] | Path: [/tipo_organismo/add]
[2026-10-08 13:46:23] [SUCCESS]: Slot #034 -> Método: [POST  ] | Path: [/tipo_organismo/edit]
[2026-10-08 13:46:23] [SUCCESS]: Slot #035 -> Método: [POST  ] | Path: [/tipo_organismo/get]
[2026-10-08 13:46:23] [SUCCESS]: Slot #036 -> Método: [GET   ] | Path: [/tipo_norma/list]
[2026-10-08 13:46:23] [SUCCESS]: Slot #037 -> Método: [POST  ] | Path: [/tipo_norma/add]
[2026-10-08 13:46:23] [SUCCESS]: Slot #038 -> Método: [POST  ] | Path: [/tipo_norma/edit]
[2026-10-08 13:46:23] [SUCCESS]: Slot #039 -> Método: [POST  ] | Path: [/tipo_norma/get]
[2026-10-08 13:46:23] [SUCCESS]: Slot #040 -> Método: [GET   ] | Path: [/ambito_norma/list]
[2026-10-08 13:46:23] [SUCCESS]: Slot #041 -> Método: [POST  ] | Path: [/ambito_norma/add]
[2026-10-08 13:46:23] [SUCCESS]: Slot #042 -> Método: [POST  ] | Path: [/ambito_norma/edit]
[2026-10-08 13:46:23] [SUCCESS]: Slot #043 -> Método: [POST  ] | Path: [/ambito_norma/get]
[2026-10-08 13:46:23] [SUCCESS]: Slot #044 -> Método: [POST  ] | Path: [/session/set-context]
[2026-10-08 13:46:23] [SUCCESS]: Slot #045 -> Método: [POST  ] | Path: [/session/logout]
[2026-10-08 13:46:23] [INFO]: === TOTAL DE RUTAS MAPEADAS EN MEMORIA: [45/500] ===
